Component: ARM Compiler 5.06 update 6 (build 750) Tool: armlink [4d35ed]

==============================================================================

Section Cross References

    startup_stm32f407xx.o(STACK) refers (Special) to heapauxi.o(.text) for __use_two_region_memory
    startup_stm32f407xx.o(HEAP) refers (Special) to heapauxi.o(.text) for __use_two_region_memory
    startup_stm32f407xx.o(RESET) refers (Special) to heapauxi.o(.text) for __use_two_region_memory
    startup_stm32f407xx.o(RESET) refers to startup_stm32f407xx.o(STACK) for __initial_sp
    startup_stm32f407xx.o(RESET) refers to startup_stm32f407xx.o(.text) for Reset_Handler
    startup_stm32f407xx.o(RESET) refers to stm32f4xx_it.o(i.NMI_Handler) for NMI_Handler
    startup_stm32f407xx.o(RESET) refers to stm32f4xx_it.o(i.HardFault_Handler) for HardFault_Handler
    startup_stm32f407xx.o(RESET) refers to stm32f4xx_it.o(i.MemManage_Handler) for MemManage_Handler
    startup_stm32f407xx.o(RESET) refers to stm32f4xx_it.o(i.BusFault_Handler) for BusFault_Handler
    startup_stm32f407xx.o(RESET) refers to stm32f4xx_it.o(i.UsageFault_Handler) for UsageFault_Handler
    startup_stm32f407xx.o(RESET) refers to port.o(.emb_text) for SVC_Handler
    startup_stm32f407xx.o(RESET) refers to stm32f4xx_it.o(i.DebugMon_Handler) for DebugMon_Handler
    startup_stm32f407xx.o(RESET) refers to port.o(i.SysTick_Handler) for SysTick_Handler
    startup_stm32f407xx.o(RESET) refers to stm32f4xx_it.o(i.EXTI0_IRQHandler) for EXTI0_IRQHandler
    startup_stm32f407xx.o(RESET) refers to stm32f4xx_it.o(i.EXTI3_IRQHandler) for EXTI3_IRQHandler
    startup_stm32f407xx.o(RESET) refers to stm32f4xx_it.o(i.EXTI4_IRQHandler) for EXTI4_IRQHandler
    startup_stm32f407xx.o(RESET) refers to stm32f4xx_it.o(i.DMA1_Stream1_IRQHandler) for DMA1_Stream1_IRQHandler
    startup_stm32f407xx.o(RESET) refers to stm32f4xx_it.o(i.CAN1_RX0_IRQHandler) for CAN1_RX0_IRQHandler
    startup_stm32f407xx.o(RESET) refers to stm32f4xx_it.o(i.EXTI9_5_IRQHandler) for EXTI9_5_IRQHandler
    startup_stm32f407xx.o(RESET) refers to remote_control.o(i.USART3_IRQHandler) for USART3_IRQHandler
    startup_stm32f407xx.o(RESET) refers to stm32f4xx_it.o(i.TIM7_IRQHandler) for TIM7_IRQHandler
    startup_stm32f407xx.o(RESET) refers to stm32f4xx_it.o(i.DMA2_Stream1_IRQHandler) for DMA2_Stream1_IRQHandler
    startup_stm32f407xx.o(RESET) refers to stm32f4xx_it.o(i.DMA2_Stream3_IRQHandler) for DMA2_Stream3_IRQHandler
    startup_stm32f407xx.o(RESET) refers to stm32f4xx_it.o(i.CAN2_RX0_IRQHandler) for CAN2_RX0_IRQHandler
    startup_stm32f407xx.o(RESET) refers to stm32f4xx_it.o(i.OTG_FS_IRQHandler) for OTG_FS_IRQHandler
    startup_stm32f407xx.o(RESET) refers to stm32f4xx_it.o(i.DMA2_Stream5_IRQHandler) for DMA2_Stream5_IRQHandler
    startup_stm32f407xx.o(RESET) refers to stm32f4xx_it.o(i.DMA2_Stream7_IRQHandler) for DMA2_Stream7_IRQHandler
    startup_stm32f407xx.o(RESET) refers to stm32f4xx_it.o(i.USART6_IRQHandler) for USART6_IRQHandler
    startup_stm32f407xx.o(.text) refers (Special) to heapauxi.o(.text) for __use_two_region_memory
    startup_stm32f407xx.o(.text) refers to system_stm32f4xx.o(i.SystemInit) for SystemInit
    startup_stm32f407xx.o(.text) refers to __main.o(!!!main) for __main
    startup_stm32f407xx.o(.text) refers to startup_stm32f407xx.o(HEAP) for Heap_Mem
    startup_stm32f407xx.o(.text) refers to startup_stm32f407xx.o(STACK) for Stack_Mem
    main.o(i.HAL_TIM_PeriodElapsedCallback) refers to stm32f4xx_hal.o(i.HAL_IncTick) for HAL_IncTick
    main.o(i.SystemClock_Config) refers to rt_memclr_w.o(.text) for __aeabi_memclr4
    main.o(i.SystemClock_Config) refers to stm32f4xx_hal_rcc.o(i.HAL_RCC_OscConfig) for HAL_RCC_OscConfig
    main.o(i.SystemClock_Config) refers to main.o(i.Error_Handler) for Error_Handler
    main.o(i.SystemClock_Config) refers to stm32f4xx_hal_rcc.o(i.HAL_RCC_ClockConfig) for HAL_RCC_ClockConfig
    main.o(i.main) refers to stm32f4xx_hal.o(i.HAL_Init) for HAL_Init
    main.o(i.main) refers to main.o(i.SystemClock_Config) for SystemClock_Config
    main.o(i.main) refers to gpio.o(i.MX_GPIO_Init) for MX_GPIO_Init
    main.o(i.main) refers to tim.o(i.MX_TIM1_Init) for MX_TIM1_Init
    main.o(i.main) refers to dma.o(i.MX_DMA_Init) for MX_DMA_Init
    main.o(i.main) refers to usart.o(i.MX_USART3_UART_Init) for MX_USART3_UART_Init
    main.o(i.main) refers to tim.o(i.MX_TIM5_Init) for MX_TIM5_Init
    main.o(i.main) refers to spi.o(i.MX_SPI1_Init) for MX_SPI1_Init
    main.o(i.main) refers to can.o(i.MX_CAN1_Init) for MX_CAN1_Init
    main.o(i.main) refers to can.o(i.MX_CAN2_Init) for MX_CAN2_Init
    main.o(i.main) refers to tim.o(i.MX_TIM10_Init) for MX_TIM10_Init
    main.o(i.main) refers to i2c.o(i.MX_I2C3_Init) for MX_I2C3_Init
    main.o(i.main) refers to spi.o(i.MX_SPI2_Init) for MX_SPI2_Init
    main.o(i.main) refers to adc.o(i.MX_ADC1_Init) for MX_ADC1_Init
    main.o(i.main) refers to adc.o(i.MX_ADC3_Init) for MX_ADC3_Init
[...]
    xb                                       0x08014bd0   Data          12  ins_task.o(.constdata)
    yb                                       0x08014bdc   Data          12  ins_task.o(.constdata)
    zb                                       0x08014be8   Data          12  ins_task.o(.constdata)
    crc_ccitt_table                          0x08014c00   Data         512  go-m8010-6.o(.constdata)
    sinTable_f32                             0x08014e00   Data        2052  arm_common_tables.o(.constdata)
    Region$$Table$$Base                      0x0801563c   Number         0  anon$$obj.o(Region$$Table)
    Region$$Table$$Limit                     0x0801565c   Number         0  anon$$obj.o(Region$$Table)
    SHT$$INIT_ARRAY$$Base                    0x0801565c   Number         0  chassis_task.o(.init_array)
    SHT$$INIT_ARRAY$$Limit                   0x08015660   Number         0  init_aeabi.o(.init_array)
    INSTaskHandle                            0x20000000   Data           4  freertos.o(.data)
    LEDTaskHandle                            0x20000004   Data           4  freertos.o(.data)
    chassisHandle                            0x20000008   Data           4  freertos.o(.data)
    JumpTaskHandle                           0x2000000c   Data           4  freertos.o(.data)
    defaultTaskHandle                        0x20000010   Data           4  freertos.o(.data)
    FS_Desc                                  0x20000018   Data          28  usbd_desc.o(.data)
    USBD_FS_DeviceDesc                       0x20000034   Data          18  usbd_desc.o(.data)
    USBD_LangIDDesc                          0x20000048   Data           4  usbd_desc.o(.data)
    USBD_StringSerial                        0x2000004c   Data          26  usbd_desc.o(.data)
    USBD_Interface_fops_FS                   0x20000068   Data          20  usbd_cdc_if.o(.data)
    uwTick                                   0x2000007c   Data           4  stm32f4xx_hal.o(.data)
    uwTickPrio                               0x20000080   Data           4  stm32f4xx_hal.o(.data)
    uwTickFreq                               0x20000084   Data           1  stm32f4xx_hal.o(.data)
    SystemCoreClock                          0x20000088   Data           4  system_stm32f4xx.o(.data)
    pxCurrentTCB                             0x2000008c   Data           4  tasks.o(.data)
    USBD_CDC                                 0x20000104   Data          56  usbd_cdc.o(.data)
    sizeof_float                             0x20000182   Data           2  kalman_filter.o(.data)
    sizeof_double                            0x20000184   Data           2  kalman_filter.o(.data)
    GlobalDebugMode                          0x20000188   Data           1  user_lib.o(.data)
    IMU_QuaternionEKF_P                      0x200001a0   Data         144  quaternionekf.o(.data)
    SysTime                                  0x200004e8   Data           8  bsp_dwt.o(.data)
    CYCCNT64                                 0x20000508   Data           8  bsp_dwt.o(.data)
    BMI088_ACCEL_SEN                         0x20000530   Data           4  bmi088driver.o(.data)
    BMI088_GYRO_SEN                          0x20000534   Data           4  bmi088driver.o(.data)
    gNormDiff                                0x2000053c   Data           4  bmi088driver.o(.data)
    caliOffset                               0x20000540   Data           1  bmi088driver.o(.data)
    caliCount                                0x20000542   Data           2  bmi088driver.o(.data)
    BMI088_SPI                               0x20000578   Data           4  bmi088middleware.o(.data)
    INS_DWT_Count                            0x2000057c   Data           4  ins_task.o(.data)
    ins_debug_mode                           0x20000588   Data           1  ins_task.o(.data)
    RefTemp                                  0x2000058c   Data           4  ins_task.o(.data)
    balance_LQR_sit_down                     0x200005c4   Data          48  chassis_task.o(.data)
    balance_LQR_sit_down_dis                 0x200005f4   Data          48  chassis_task.o(.data)
    balance_LQR_sit_down_free                0x20000624   Data          48  chassis_task.o(.data)
    balance_LQR_sit_down_spin                0x20000654   Data          48  chassis_task.o(.data)
    balance_LQR_sit_down_lying               0x20000684   Data          48  chassis_task.o(.data)
    balance_LQR                              0x200006b4   Data          48  chassis_task.o(.data)
    balance_LQR_dis                          0x200006e4   Data          48  chassis_task.o(.data)
    balance_LQR_free                         0x20000714   Data          48  chassis_task.o(.data)
    balance_LQR_spin                         0x20000744   Data          48  chassis_task.o(.data)
    balance_LQR_stand_up                     0x20000774   Data          48  chassis_task.o(.data)
    balance_LQR_stand_up_dis                 0x200007a4   Data          48  chassis_task.o(.data)
    balance_LQR_stand_up_free                0x200007d4   Data          48  chassis_task.o(.data)
    balance_LQR_stand_up_spin                0x20000804   Data          48  chassis_task.o(.data)
    mat_R_diagonal_elements                  0x20000834   Data          12  chassis_task.o(.data)
    hadc1                                    0x20000be8   Data          72  adc.o(.bss)
    hadc3                                    0x20000c30   Data          72  adc.o(.bss)
    hcan1                                    0x20000c78   Data          40  can.o(.bss)
    hcan2                                    0x20000ca0   Data          40  can.o(.bss)
    hi2c2                                    0x20000cc8   Data          84  i2c.o(.bss)
    hi2c3                                    0x20000d1c   Data          84  i2c.o(.bss)
    hrtc                                     0x20000d70   Data          32  rtc.o(.bss)
    hspi1                                    0x20000d90   Data          88  spi.o(.bss)
    hspi2                                    0x20000de8   Data          88  spi.o(.bss)
    hdma_spi1_rx                             0x20000e40   Data          96  spi.o(.bss)
    hdma_spi1_tx                             0x20000ea0   Data          96  spi.o(.bss)
    htim1                                    0x20000f00   Data          72  tim.o(.bss)
    htim2                                    0x20000f48   Data          72  tim.o(.bss)
    htim4                                    0x20000f90   Data          72  tim.o(.bss)
    htim5                                    0x20000fd8   Data          72  tim.o(.bss)
    htim10                                   0x20001020   Data          72  tim.o(.bss)
    huart1                                   0x20001068   Data          68  usart.o(.bss)
    huart3                                   0x200010ac   Data          68  usart.o(.bss)
    huart6                                   0x200010f0   Data          68  usart.o(.bss)
    hdma_usart1_rx                           0x20001134   Data          96  usart.o(.bss)
    hdma_usart1_tx                           0x20001194   Data          96  usart.o(.bss)
    hdma_usart3_rx                           0x200011f4   Data          96  usart.o(.bss)
    hdma_usart6_rx                           0x20001254   Data          96  usart.o(.bss)
    htim7                                    0x200012b4   Data          72  stm32f4xx_hal_timebase_tim.o(.bss)
    hUsbDeviceFS                             0x200012fc   Data         732  usb_device.o(.bss)
    USBD_StrDesc                             0x200015d8   Data         512  usbd_desc.o(.bss)
    UserRxBufferFS                           0x200017d8   Data        2048  usbd_cdc_if.o(.bss)
    UserTxBufferFS                           0x20001fd8   Data        2048  usbd_cdc_if.o(.bss)
    hpcd_USB_OTG_FS                          0x200027d8   Data        1292  usbd_conf.o(.bss)
    QEKF_INS                                 0x20006bf8   Data         480  quaternionekf.o(.bss)
    IMU_QuaternionEKF_K                      0x20006dd8   Data          72  quaternionekf.o(.bss)
    IMU_QuaternionEKF_H                      0x20006e20   Data          72  quaternionekf.o(.bss)
    VMC_LEG_R                                0x20006e68   Data         528  vmc.o(.bss)
    VMC_LEG_L                                0x20007078   Data         528  vmc.o(.bss)
    LQR                                      0x20007288   Data         632  lqr_wheelleg.o(.bss)
    gyroDiff                                 0x20007500   Data          12  bmi088driver.o(.bss)
    BMI088                                   0x2000750c   Data          52  bmi088driver.o(.bss)
    INS                                      0x20007540   Data         128  ins_task.o(.bss)
    IMU_Param                                0x200075c0   Data          28  ins_task.o(.bss)
    TempCtrl                                 0x200075dc   Data         170  ins_task.o(.bss)
    error_list                               0x20007686   Data         540  detect_task.o(.bss)
    chassis_data                             0x200078a8   Data        2168  chassis_task.o(.bss)
    leg_move                                 0x20008120   Data          48  chassis_task.o(.bss)
    rc_ctrl                                  0x20008258   Data          22  remote_control.o(.bss)
    __libspace_start                         0x200082b8   Data          96  libspace.o(.bss)
    __temporary_stack_top$libspace           0x20008318   Data           0  libspace.o(.bss)



==============================================================================

Memory Map of the image

  Image Entry point : 0x08000189

  Load Region LR_IROM1 (Base: 0x08000000, Size: 0x00015ff4, Max: 0x00100000, ABSOLUTE, COMPRESSED[0x0001587c])

    Execution Region ER_IROM1 (Exec base: 0x08000000, Load base: 0x08000000, Size: 0x00015660, Max: 0x00100000, ABSOLUTE)

    Exec Addr    Load Addr    Size         Type   Attr      Idx    E Section Name        Object

    0x08000000   0x08000000   0x00000188   Data   RO            3    RESET               startup_stm32f407xx.o
    0x08000188   0x08000188   0x00000008   Code   RO        11268  * !!!main             c_w.l(__main.o)
    0x08000190   0x08000190   0x00000034   Code   RO        11622    !!!scatter          c_w.l(__scatter.o)
    0x080001c4   0x080001c4   0x0000005a   Code   RO        11620    !!dczerorl2         c_w.l(__dczerorl2.o)
    0x0800021e   0x0800021e   0x00000002   PAD
    0x08000220   0x08000220   0x0000001c   Code   RO        11624    !!handler_zi        c_w.l(__scatter_zi.o)
    0x0800023c   0x0800023c   0x00000002   Code   RO        11546    .ARM.Collect$$libinit$$00000000  c_w.l(libinit.o)
    0x0800023e   0x0800023e   0x00000004   Code   RO        11407    .ARM.Collect$$libinit$$00000001  c_w.l(libinit2.o)
    0x08000242   0x08000242   0x00000000   Code   RO        11410    .ARM.Collect$$libinit$$00000004  c_w.l(libinit2.o)
    0x08000242   0x08000242   0x00000000   Code   RO        11413    .ARM.Collect$$libinit$$0000000A  c_w.l(libinit2.o)
    0x08000242   0x08000242   0x00000000   Code   RO        11415    .ARM.Collect$$libinit$$0000000C  c_w.l(libinit2.o)
    0x08000242   0x08000242   0x00000000   Code   RO        11417    .ARM.Collect$$libinit$$0000000E  c_w.l(libinit2.o)
    0x08000242   0x08000242   0x00000000   Code   RO        11420    .ARM.Collect$$libinit$$00000011  c_w.l(libinit2.o)
    0x08000242   0x08000242   0x00000000   Code   RO        11422    .ARM.Collect$$libinit$$00000013  c_w.l(libinit2.o)
    0x08000242   0x08000242   0x00000000   Code   RO        11424    .ARM.Collect$$libinit$$00000015  c_w.l(libinit2.o)
    0x08000242   0x08000242   0x00000000   Code   RO        11426    .ARM.Collect$$libinit$$00000017  c_w.l(libinit2.o)
    0x08000242   0x08000242   0x00000000   Code   RO        11428    .ARM.Collect$$libinit$$00000019  c_w.l(libinit2.o)
    0x08000242   0x08000242   0x00000000   Code   RO        11430    .ARM.Collect$$libinit$$0000001B  c_w.l(libinit2.o)
    0x08000242   0x08000242   0x00000000   Code   RO        11432    .ARM.Collect$$libinit$$0000001D  c_w.l(libinit2.o)
    0x08000242   0x08000242   0x00000000   Code   RO        11434    .ARM.Collect$$libinit$$0000001F  c_w.l(libinit2.o)
    0x08000242   0x08000242   0x00000000   Code   RO        11436    .ARM.Collect$$libinit$$00000021  c_w.l(libinit2.o)
    0x08000242   0x08000242   0x00000000   Code   RO        11438    .ARM.Collect$$libinit$$00000023  c_w.l(libinit2.o)
    0x08000242   0x08000242   0x00000000   Code   RO        11440    .ARM.Collect$$libinit$$00000025  c_w.l(libinit2.o)
    0x08000242   0x08000242   0x00000000   Code   RO        11444    .ARM.Collect$$libinit$$0000002C  c_w.l(libinit2.o)
    0x08000242   0x08000242   0x00000000   Code   RO        11446    .ARM.Collect$$libinit$$0000002E  c_w.l(libinit2.o)
    0x08000242   0x08000242   0x00000000   Code   RO        11448    .ARM.Collect$$libinit$$00000030  c_w.l(libinit2.o)
    0x08000242   0x08000242   0x00000004   Code   RO        11449    .ARM.Collect$$libinit$$00000031  c_w.l(libinit2.o)
    0x08000246   0x08000246   0x00000000   Code   RO        11450    .ARM.Collect$$libinit$$00000032  c_w.l(libinit2.o)
    0x08000246   0x08000246   0x00000002   Code   RO        11451    .ARM.Collect$$libinit$$00000033  c_w.l(libinit2.o)
    0x08000248   0x08000248   0x00000002   Code   RO        11587    .ARM.Collect$$libshutdown$$00000000  c_w.l(libshutdown.o)
    0x0800024a   0x0800024a   0x00000000   Code   RO        11603    .ARM.Collect$$libshutdown$$00000002  c_w.l(libshutdown2.o)
    0x0800024a   0x0800024a   0x00000000   Code   RO        11605    .ARM.Collect$$libshutdown$$00000004  c_w.l(libshutdown2.o)
    0x0800024a   0x0800024a   0x00000000   Code   RO        11608    .ARM.Collect$$libshutdown$$00000007  c_w.l(libshutdown2.o)
    0x0800024a   0x0800024a   0x00000000   Code   RO        11611    .ARM.Collect$$libshutdown$$0000000A  c_w.l(libshutdown2.o)
    0x0800024a   0x0800024a   0x00000000   Code   RO        11613    .ARM.Collect$$libshutdown$$0000000C  c_w.l(libshutdown2.o)
    0x0800024a   0x0800024a   0x00000000   Code   RO        11616    .ARM.Collect$$libshutdown$$0000000F  c_w.l(libshutdown2.o)
    0x0800024a   0x0800024a   0x00000002   Code   RO        11617    .ARM.Collect$$libshutdown$$00000010  c_w.l(libshutdown2.o)
    0x0800024c   0x0800024c   0x00000000   Code   RO        11400    .ARM.Collect$$rtentry$$00000000  c_w.l(__rtentry.o)
    0x0800024c   0x0800024c   0x00000000   Code   RO        11495    .ARM.Collect$$rtentry$$00000002  c_w.l(__rtentry2.o)
    0x0800024c   0x0800024c   0x00000006   Code   RO        11507    .ARM.Collect$$rtentry$$00000004  c_w.l(__rtentry4.o)
    0x08000252   0x08000252   0x00000000   Code   RO        11497    .ARM.Collect$$rtentry$$00000009  c_w.l(__rtentry2.o)
    0x08000252   0x08000252   0x00000004   Code   RO        11498    .ARM.Collect$$rtentry$$0000000A  c_w.l(__rtentry2.o)
    0x08000256   0x08000256   0x00000000   Code   RO        11500    .ARM.Collect$$rtentry$$0000000C  c_w.l(__rtentry2.o)
    0x08000256   0x08000256   0x00000008   Code   RO        11501    .ARM.Collect$$rtentry$$0000000D  c_w.l(__rtentry2.o)
    0x0800025e   0x0800025e   0x00000002   Code   RO        11549    .ARM.Collect$$rtexit$$00000000  c_w.l(rtexit.o)
    0x08000260   0x08000260   0x00000000   Code   RO        11569    .ARM.Collect$$rtexit$$00000002  c_w.l(rtexit2.o)
    0x08000260   0x08000260   0x00000004   Code   RO        11570    .ARM.Collect$$rtexit$$00000003  c_w.l(rtexit2.o)
    0x08000264   0x08000264   0x00000006   Code   RO        11571    .ARM.Collect$$rtexit$$00000004  c_w.l(rtexit2.o)
    0x0800026a   0x0800026a   0x00000002   PAD
    0x0800026c   0x0800026c   0x000000be   Code   RO         7763    .emb_text           port.o
    0x0800032a   0x0800032a   0x00000002   PAD
    0x0800032c   0x0800032c   0x00000040   Code   RO            4    .text               startup_stm32f407xx.o
    0x0800036c   0x0800036c   0x00000078   Code   RO        10953    .text               arm_cortexM4lf_math.lib(arm_cos_f32.o)
    0x080003e4   0x080003e4   0x00000094   Code   RO        11003    .text               arm_cortexM4lf_math.lib(arm_sin_f32.o)
    0x08000478   0x08000478   0x00000108   Code   RO        11027    .text               arm_cortexM4lf_math.lib(arm_mat_add_f32.o)
    0x08000580   0x08000580   0x00000008   Code   RO        11051    .text               arm_cortexM4lf_math.lib(arm_mat_init_f32.o)
    0x08000588   0x08000588   0x00000530   Code   RO        11075    .text               arm_cortexM4lf_math.lib(arm_mat_inverse_f32.o)
    0x08000ab8   0x08000ab8   0x0000013c   Code   RO        11099    .text               arm_cortexM4lf_math.lib(arm_mat_mult_f32.o)
    0x08000bf4   0x08000bf4   0x00000108   Code   RO        11123    .text               arm_cortexM4lf_math.lib(arm_mat_sub_f32.o)
    0x08000cfc   0x08000cfc   0x00000114   Code   RO        11147    .text               arm_cortexM4lf_math.lib(arm_mat_trans_f32.o)
    0x08000e10   0x08000e10   0x000000ee   Code   RO        11252    .text               c_w.l(lludivv7m.o)
    0x08000efe   0x08000efe   0x00000064   Code   RO        11258    .text               c_w.l(rt_memcpy_w.o)
    0x08000f62   0x08000f62   0x00000044   Code   RO        11262    .text               c_w.l(rt_memclr.o)
    0x08000fa6   0x08000fa6   0x0000004e   Code   RO        11264    .text               c_w.l(rt_memclr_w.o)
    0x08000ff4   0x08000ff4   0x00000006   Code   RO        11266    .text               c_w.l(heapauxi.o)
    0x08000ffa   0x08000ffa   0x00000002   PAD
    0x08000ffc   0x08000ffc   0x00000024   Code   RO        11273    .text               c_w.l(init_aeabi.o)
    0x08001020   0x08001020   0x00000016   Code   RO        11405    .text               c_w.l(_rserrno.o)
    0x08001036   0x08001036   0x00000002   PAD
    0x08001038   0x08001038   0x00000008   Code   RO        11514    .text               c_w.l(rt_errno_addr_intlibspace.o)
    0x08001040   0x08001040   0x00000030   Code   RO        11516    .text               c_w.l(_fptrap.o)
    0x08001070   0x08001070   0x00000008   Code   RO        11526    .text               c_w.l(libspace.o)
    0x08001078   0x08001078   0x0000004a   Code   RO        11529    .text               c_w.l(sys_stackheap_outer.o)
    0x080010c2   0x080010c2   0x00000012   Code   RO        11531    .text               c_w.l(exit.o)
    0x080010d4   0x080010d4   0x0000000e   Code   RO        11533    .text               c_w.l(defsig_fpe_outer.o)
    0x080010e2   0x080010e2   0x0000000a   Code   RO        11555    .text               c_w.l(defsig_exit.o)
    0x080010ec   0x080010ec   0x000000ac   Code   RO        11557    .text               c_w.l(defsig_fpe_inner.o)
    0x08001198   0x08001198   0x0000000c   Code   RO        11563    .text               c_w.l(sys_exit.o)
    0x080011a4   0x080011a4   0x00000002   Code   RO        11565    .text               c_w.l(use_no_semi.o)
    0x080011a6   0x080011a6   0x00000000   Code   RO        11567    .text               c_w.l(indicate_semi.o)
    0x080011a6   0x080011a6   0x00000032   Code   RO        11577    .text               c_w.l(defsig_general.o)
    0x080011d8   0x080011d8   0x0000000e   Code   RO        11581    .text               c_w.l(sys_wrch.o)
    0x080011e6   0x080011e6   0x00000002   PAD
    0x080011e8   0x080011e8   0x00000160   Code   RO         3360    i.ADC_Init          stm32f4xx_hal_adc.o
    0x08001348   0x08001348   0x00000014   Code   RO         9850    i.BMI088_ACCEL_NS_H  bmi088middleware.o
    0x0800135c   0x0800135c   0x00000014   Code   RO         9851    i.BMI088_ACCEL_NS_L  bmi088middleware.o
    0x08001370   0x08001370   0x00000014   Code   RO         9852    i.BMI088_GYRO_NS_H  bmi088middleware.o
    0x08001384   0x08001384   0x00000014   Code   RO         9853    i.BMI088_GYRO_NS_L  bmi088middleware.o
    0x08001398   0x08001398   0x0000027c   Code   RO         9769    i.BMI088_Read       bmi088driver.o
    0x08001614   0x08001614   0x00000098   Code   RO         9770    i.BMI088_init       bmi088driver.o
    0x080016ac   0x080016ac   0x00000026   Code   RO         9771    i.BMI088_read_muli_reg  bmi088driver.o
    0x080016d2   0x080016d2   0x00000018   Code   RO         9772    i.BMI088_read_single_reg  bmi088driver.o
    0x080016ea   0x080016ea   0x00000002   PAD
    0x080016ec   0x080016ec   0x00000024   Code   RO         9854    i.BMI088_read_write_byte  bmi088middleware.o
    0x08001710   0x08001710   0x00000014   Code   RO         9773    i.BMI088_write_single_reg  bmi088driver.o
    0x08001724   0x08001724   0x0000015a   Code   RO        10000    i.BodyFrameToEarthFrame  ins_task.o
    0x0800187e   0x0800187e   0x00000004   Code   RO          963    i.BusFault_Handler  stm32f4xx_it.o
    0x08001882   0x08001882   0x00000002   PAD
    0x08001884   0x08001884   0x00000010   Code   RO          964    i.CAN1_RX0_IRQHandler  stm32f4xx_it.o
    0x08001894   0x08001894   0x00000010   Code   RO          965    i.CAN2_RX0_IRQHandler  stm32f4xx_it.o
    0x080018a4   0x080018a4   0x0000004c   Code   RO        10476    i.CAN_mf9025_cmd_chassis_Torque_control_1  can_receive.o
    0x080018f0   0x080018f0   0x0000004c   Code   RO        10477    i.CAN_mf9025_cmd_chassis_Torque_control_2  can_receive.o
    0x0800193c   0x0800193c   0x00000044   Code   RO         1315    i.CDC_Control_FS    usbd_cdc_if.o
    0x08001980   0x08001980   0x00000004   Code   RO         1316    i.CDC_DeInit_FS     usbd_cdc_if.o
    0x08001984   0x08001984   0x00000024   Code   RO         1317    i.CDC_Init_FS       usbd_cdc_if.o
    0x080019a8   0x080019a8   0x0000001c   Code   RO         1318    i.CDC_Receive_FS    usbd_cdc_if.o
    0x080019c4   0x080019c4   0x0000000c   Code   RO         1319    i.CDC_TransmitCplt_FS  usbd_cdc_if.o
    0x080019d0   0x080019d0   0x00000540   Code   RO         9774    i.Calibrate_MPU_Offset  bmi088driver.o
    0x08001f10   0x08001f10   0x00000010   Code   RO          966    i.DMA1_Stream1_IRQHandler  stm32f4xx_it.o
    0x08001f20   0x08001f20   0x00000010   Code   RO          967    i.DMA2_Stream1_IRQHandler  stm32f4xx_it.o
    0x08001f30   0x08001f30   0x00000010   Code   RO          968    i.DMA2_Stream3_IRQHandler  stm32f4xx_it.o
    0x08001f40   0x08001f40   0x00000010   Code   RO          969    i.DMA2_Stream5_IRQHandler  stm32f4xx_it.o
    0x08001f50   0x08001f50   0x00000010   Code   RO          970    i.DMA2_Stream7_IRQHandler  stm32f4xx_it.o
    0x08001f60   0x08001f60   0x00000034   Code   RO         2679    i.DMA_CalcBaseAndBitshift  stm32f4xx_hal_dma.o
    0x08001f94   0x08001f94   0x000000aa   Code   RO         2680    i.DMA_CheckFifoParam  stm32f4xx_hal_dma.o
    0x0800203e   0x0800203e   0x00000002   PAD
    0x08002040   0x08002040   0x00000030   Code   RO         8720    i.DWT_CNT_Update    bsp_dwt.o
    0x08002070   0x08002070   0x0000003c   Code   RO         8721    i.DWT_Delay         bsp_dwt.o
    0x080020ac   0x080020ac   0x0000004c   Code   RO         8722    i.DWT_GetDeltaT     bsp_dwt.o
    0x080020f8   0x080020f8   0x00000054   Code   RO         8725    i.DWT_GetTimeline_s  bsp_dwt.o
    0x0800214c   0x0800214c   0x00000068   Code   RO         8727    i.DWT_Init          bsp_dwt.o
    0x080021b4   0x080021b4   0x000000d0   Code   RO         8728    i.DWT_SysTimeUpdate  bsp_dwt.o
    0x08002284   0x08002284   0x00000002   Code   RO          971    i.DebugMon_Handler  stm32f4xx_it.o
    0x08002286   0x08002286   0x0000000a   Code   RO          972    i.EXTI0_IRQHandler  stm32f4xx_it.o
    0x08002290   0x08002290   0x0000000a   Code   RO          973    i.EXTI3_IRQHandler  stm32f4xx_it.o
    0x0800229a   0x0800229a   0x0000000a   Code   RO          974    i.EXTI4_IRQHandler  stm32f4xx_it.o
    0x080022a4   0x080022a4   0x0000000a   Code   RO          975    i.EXTI9_5_IRQHandler  stm32f4xx_it.o
    0x080022ae   0x080022ae   0x0000015a   Code   RO        10001    i.EarthFrameToBodyFrame  ins_task.o
    0x08002408   0x08002408   0x00000006   Code   RO           13    i.Error_Handler     main.o
    0x0800240e   0x0800240e   0x00000002   PAD
    0x08002410   0x08002410   0x00000330   Code   RO         9408    i.Forward_kinematics_L  vmc.o
    0x08002740   0x08002740   0x00000330   Code   RO         9409    i.Forward_kinematics_R  vmc.o
    0x08002a70   0x08002a70   0x00000034   Code   RO         1225    i.Get_SerialNum     usbd_desc.o
    0x08002aa4   0x08002aa4   0x000000d4   Code   RO        10486    i.Gimbal_order_decode  can_receive.o
    0x08002b78   0x08002b78   0x0000018c   Code   RO         3362    i.HAL_ADC_ConfigChannel  stm32f4xx_hal_adc.o
    0x08002d04   0x08002d04   0x00000068   Code   RO         3371    i.HAL_ADC_Init      stm32f4xx_hal_adc.o
    0x08002d6c   0x08002d6c   0x000000ac   Code   RO          576    i.HAL_ADC_MspInit   adc.o
    0x08002e18   0x08002e18   0x0000002a   Code   RO         3636    i.HAL_CAN_ActivateNotification  stm32f4xx_hal_can.o
    0x08002e42   0x08002e42   0x00000156   Code   RO         3637    i.HAL_CAN_AddTxMessage  stm32f4xx_hal_can.o
    0x08002f98   0x08002f98   0x00000124   Code   RO         3638    i.HAL_CAN_ConfigFilter  stm32f4xx_hal_can.o
    0x080030bc   0x080030bc   0x00000002   Code   RO         3641    i.HAL_CAN_ErrorCallback  stm32f4xx_hal_can.o
    0x080030be   0x080030be   0x0000017a   Code   RO         3644    i.HAL_CAN_GetRxMessage  stm32f4xx_hal_can.o
    0x08003238   0x08003238   0x0000024e   Code   RO         3648    i.HAL_CAN_IRQHandler  stm32f4xx_hal_can.o
    0x08003486   0x08003486   0x00000174   Code   RO         3649    i.HAL_CAN_Init      stm32f4xx_hal_can.o
    0x080035fa   0x080035fa   0x00000002   PAD
    0x080035fc   0x080035fc   0x00000160   Code   RO          624    i.HAL_CAN_MspInit   can.o
    0x0800375c   0x0800375c   0x00000002   Code   RO         3656    i.HAL_CAN_RxFifo0FullCallback  stm32f4xx_hal_can.o
    0x0800375e   0x0800375e   0x00000002   PAD
    0x08003760   0x08003760   0x0000021c   Code   RO        10487    i.HAL_CAN_RxFifo0MsgPendingCallback  can_receive.o
    0x0800397c   0x0800397c   0x00000002   Code   RO         3658    i.HAL_CAN_RxFifo1FullCallback  stm32f4xx_hal_can.o
    0x0800397e   0x0800397e   0x00000002   Code   RO         3659    i.HAL_CAN_RxFifo1MsgPendingCallback  stm32f4xx_hal_can.o
    0x08003980   0x08003980   0x00000002   Code   RO         3660    i.HAL_CAN_SleepCallback  stm32f4xx_hal_can.o
    0x08003982   0x08003982   0x0000005e   Code   RO         3661    i.HAL_CAN_Start     stm32f4xx_hal_can.o
    0x080039e0   0x080039e0   0x00000002   Code   RO         3663    i.HAL_CAN_TxMailbox0AbortCallback  stm32f4xx_hal_can.o
    0x080039e2   0x080039e2   0x00000002   Code   RO         3664    i.HAL_CAN_TxMailbox0CompleteCallback  stm32f4xx_hal_can.o
    0x080039e4   0x080039e4   0x00000002   Code   RO         3665    i.HAL_CAN_TxMailbox1AbortCallback  stm32f4xx_hal_can.o
    0x080039e6   0x080039e6   0x00000002   Code   RO         3666    i.HAL_CAN_TxMailbox1CompleteCallback  stm32f4xx_hal_can.o
    0x080039e8   0x080039e8   0x00000002   Code   RO         3667    i.HAL_CAN_TxMailbox2AbortCallback  stm32f4xx_hal_can.o
    0x080039ea   0x080039ea   0x00000002   Code   RO         3668    i.HAL_CAN_TxMailbox2CompleteCallback  stm32f4xx_hal_can.o
    0x080039ec   0x080039ec   0x00000002   Code   RO         3670    i.HAL_CAN_WakeUpFromRxMsgCallback  stm32f4xx_hal_can.o
    0x080039ee   0x080039ee   0x000000ac   Code   RO         2682    i.HAL_DMA_Abort     stm32f4xx_hal_dma.o
    0x08003a9a   0x08003a9a   0x00000028   Code   RO         2683    i.HAL_DMA_Abort_IT  stm32f4xx_hal_dma.o
    0x08003ac2   0x08003ac2   0x00000002   PAD
    0x08003ac4   0x08003ac4   0x00000240   Code   RO         2687    i.HAL_DMA_IRQHandler  stm32f4xx_hal_dma.o
    0x08003d04   0x08003d04   0x000000ec   Code   RO         2688    i.HAL_DMA_Init      stm32f4xx_hal_dma.o
    0x08003df0   0x08003df0   0x00000028   Code   RO         3106    i.HAL_Delay         stm32f4xx_hal.o
    0x08003e18   0x08003e18   0x00000002   Code   RO         2573    i.HAL_GPIO_EXTI_Callback  stm32f4xx_hal_gpio.o
    0x08003e1a   0x08003e1a   0x00000002   PAD
    0x08003e1c   0x08003e1c   0x0000001c   Code   RO         2574    i.HAL_GPIO_EXTI_IRQHandler  stm32f4xx_hal_gpio.o
    0x08003e38   0x08003e38   0x000001f4   Code   RO         2575    i.HAL_GPIO_Init     stm32f4xx_hal_gpio.o
    0x0800402c   0x0800402c   0x0000000c   Code   RO         2579    i.HAL_GPIO_WritePin  stm32f4xx_hal_gpio.o
    0x08004038   0x08004038   0x0000000c   Code   RO         3112    i.HAL_GetTick       stm32f4xx_hal.o
    0x08004044   0x08004044   0x000001d0   Code   RO         3880    i.HAL_I2C_Init      stm32f4xx_hal_i2c.o
    0x08004214   0x08004214   0x00000138   Code   RO          700    i.HAL_I2C_MspInit   i2c.o
    0x0800434c   0x0800434c   0x00000018   Code   RO         3118    i.HAL_IncTick       stm32f4xx_hal.o
    0x08004364   0x08004364   0x0000003c   Code   RO         3119    i.HAL_Init          stm32f4xx_hal.o
    0x080043a0   0x080043a0   0x0000008c   Code   RO         1129    i.HAL_InitTick      stm32f4xx_hal_timebase_tim.o
    0x0800442c   0x0800442c   0x00000054   Code   RO         1105    i.HAL_MspInit       stm32f4xx_hal_msp.o
    0x08004480   0x08004480   0x00000020   Code   RO         2964    i.HAL_NVIC_EnableIRQ  stm32f4xx_hal_cortex.o
    0x080044a0   0x080044a0   0x0000007c   Code   RO         2970    i.HAL_NVIC_SetPriority  stm32f4xx_hal_cortex.o
    0x0800451c   0x0800451c   0x00000028   Code   RO         2971    i.HAL_NVIC_SetPriorityGrouping  stm32f4xx_hal_cortex.o
    0x08004544   0x08004544   0x00000044   Code   RO         2972    i.HAL_NVIC_SystemReset  stm32f4xx_hal_cortex.o
    0x08004588   0x08004588   0x00000002   Code   RO         1823    i.HAL_PCDEx_LPM_Callback  stm32f4xx_hal_pcd_ex.o
    0x0800458a   0x0800458a   0x0000000a   Code   RO         1824    i.HAL_PCDEx_SetRxFiFo  stm32f4xx_hal_pcd_ex.o
    0x08004594   0x08004594   0x0000004e   Code   RO         1825    i.HAL_PCDEx_SetTxFiFo  stm32f4xx_hal_pcd_ex.o
    0x080045e2   0x080045e2   0x0000000e   Code   RO         1372    i.HAL_PCD_ConnectCallback  usbd_conf.o
    0x080045f0   0x080045f0   0x00000020   Code   RO         1373    i.HAL_PCD_DataInStageCallback  usbd_conf.o
    0x08004610   0x08004610   0x00000020   Code   RO         1374    i.HAL_PCD_DataOutStageCallback  usbd_conf.o
    0x08004630   0x08004630   0x0000000e   Code   RO         1375    i.HAL_PCD_DisconnectCallback  usbd_conf.o
    0x0800463e   0x0800463e   0x00000042   Code   RO         1588    i.HAL_PCD_EP_Abort  stm32f4xx_hal_pcd.o
    0x08004680   0x08004680   0x0000006a   Code   RO         1589    i.HAL_PCD_EP_Close  stm32f4xx_hal_pcd.o
    0x080046ea   0x080046ea   0x0000007c   Code   RO         1590    i.HAL_PCD_EP_ClrStall  stm32f4xx_hal_pcd.o
    0x08004766   0x08004766   0x00000016   Code   RO         1592    i.HAL_PCD_EP_GetRxCount  stm32f4xx_hal_pcd.o
    0x0800477c   0x0800477c   0x0000008c   Code   RO         1593    i.HAL_PCD_EP_Open   stm32f4xx_hal_pcd.o
    0x08004808   0x08004808   0x00000058   Code   RO         1594    i.HAL_PCD_EP_Receive  stm32f4xx_hal_pcd.o
    0x08004860   0x08004860   0x0000008a   Code   RO         1595    i.HAL_PCD_EP_SetStall  stm32f4xx_hal_pcd.o
    0x080048ea   0x080048ea   0x0000005a   Code   RO         1596    i.HAL_PCD_EP_Transmit  stm32f4xx_hal_pcd.o
    0x08004944   0x08004944   0x000006ca   Code   RO         1598    i.HAL_PCD_IRQHandler  stm32f4xx_hal_pcd.o
    0x0800500e   0x0800500e   0x00000012   Code   RO         1376    i.HAL_PCD_ISOINIncompleteCallback  usbd_conf.o
    0x08005020   0x08005020   0x00000012   Code   RO         1377    i.HAL_PCD_ISOOUTIncompleteCallback  usbd_conf.o
    0x08005032   0x08005032   0x00000166   Code   RO         1601    i.HAL_PCD_Init      stm32f4xx_hal_pcd.o
    0x08005198   0x08005198   0x000000a8   Code   RO         1379    i.HAL_PCD_MspInit   usbd_conf.o
    0x08005240   0x08005240   0x00000030   Code   RO         1380    i.HAL_PCD_ResetCallback  usbd_conf.o
    0x08005270   0x08005270   0x0000000e   Code   RO         1381    i.HAL_PCD_ResumeCallback  usbd_conf.o
    0x0800527e   0x0800527e   0x0000000e   Code   RO         1382    i.HAL_PCD_SOFCallback  usbd_conf.o
    0x0800528c   0x0800528c   0x00000036   Code   RO         1607    i.HAL_PCD_SetAddress  stm32f4xx_hal_pcd.o
    0x080052c2   0x080052c2   0x00000012   Code   RO         1383    i.HAL_PCD_SetupStageCallback  usbd_conf.o
    0x080052d4   0x080052d4   0x0000004a   Code   RO         1610    i.HAL_PCD_Start     stm32f4xx_hal_pcd.o
    0x0800531e   0x0800531e   0x00000002   PAD
    0x08005320   0x08005320   0x00000034   Code   RO         1384    i.HAL_PCD_SuspendCallback  usbd_conf.o
    0x08005354   0x08005354   0x000001a0   Code   RO         2281    i.HAL_RCCEx_PeriphCLKConfig  stm32f4xx_hal_rcc_ex.o
    0x080054f4   0x080054f4   0x00000184   Code   RO         2176    i.HAL_RCC_ClockConfig  stm32f4xx_hal_rcc.o
    0x08005678   0x08005678   0x00000044   Code   RO         2180    i.HAL_RCC_GetClockConfig  stm32f4xx_hal_rcc.o
    0x080056bc   0x080056bc   0x0000000c   Code   RO         2181    i.HAL_RCC_GetHCLKFreq  stm32f4xx_hal_rcc.o
    0x080056c8   0x080056c8   0x00000020   Code   RO         2183    i.HAL_RCC_GetPCLK1Freq  stm32f4xx_hal_rcc.o
    0x080056e8   0x080056e8   0x00000020   Code   RO         2184    i.HAL_RCC_GetPCLK2Freq  stm32f4xx_hal_rcc.o
    0x08005708   0x08005708   0x000000b0   Code   RO         2185    i.HAL_RCC_GetSysClockFreq  stm32f4xx_hal_rcc.o
    0x080057b8   0x080057b8   0x0000049c   Code   RO         2188    i.HAL_RCC_OscConfig  stm32f4xx_hal_rcc.o
    0x08005c54   0x08005c54   0x000000a4   Code   RO         4372    i.HAL_RTC_Init      stm32f4xx_hal_rtc.o
    0x08005cf8   0x08005cf8   0x0000003c   Code   RO          748    i.HAL_RTC_MspInit   rtc.o
    0x08005d34   0x08005d34   0x0000003a   Code   RO         4380    i.HAL_RTC_WaitForSynchro  stm32f4xx_hal_rtc.o
    0x08005d6e   0x08005d6e   0x000000c8   Code   RO         4772    i.HAL_SPI_Init      stm32f4xx_hal_spi.o
    0x08005e36   0x08005e36   0x00000002   PAD
    0x08005e38   0x08005e38   0x000001cc   Code   RO          790    i.HAL_SPI_MspInit   spi.o
    0x08006004   0x08006004   0x0000022a   Code   RO         4781    i.HAL_SPI_TransmitReceive  stm32f4xx_hal_spi.o
    0x0800622e   0x0800622e   0x00000002   Code   RO         5800    i.HAL_TIMEx_BreakCallback  stm32f4xx_hal_tim_ex.o
    0x08006230   0x08006230   0x00000002   Code   RO         5801    i.HAL_TIMEx_CommutCallback  stm32f4xx_hal_tim_ex.o
    0x08006232   0x08006232   0x00000074   Code   RO         5803    i.HAL_TIMEx_ConfigBreakDeadTime  stm32f4xx_hal_tim_ex.o
    0x080062a6   0x080062a6   0x00000002   PAD
    0x080062a8   0x080062a8   0x000000b4   Code   RO         5819    i.HAL_TIMEx_MasterConfigSynchronization  stm32f4xx_hal_tim_ex.o
    0x0800635c   0x0800635c   0x00000066   Code   RO         5085    i.HAL_TIM_Base_Init  stm32f4xx_hal_tim.o
    0x080063c2   0x080063c2   0x00000002   PAD
    0x080063c4   0x080063c4   0x000000ec   Code   RO          838    i.HAL_TIM_Base_MspInit  tim.o
    0x080064b0   0x080064b0   0x000000a8   Code   RO         5090    i.HAL_TIM_Base_Start_IT  stm32f4xx_hal_tim.o
    0x08006558   0x08006558   0x0000010c   Code   RO         5094    i.HAL_TIM_ConfigClockSource  stm32f4xx_hal_tim.o
    0x08006664   0x08006664   0x00000002   Code   RO         5119    i.HAL_TIM_IC_CaptureCallback  stm32f4xx_hal_tim.o
    0x08006666   0x08006666   0x00000196   Code   RO         5133    i.HAL_TIM_IRQHandler  stm32f4xx_hal_tim.o
    0x080067fc   0x080067fc   0x0000014c   Code   RO          839    i.HAL_TIM_MspPostInit  tim.o
    0x08006948   0x08006948   0x00000002   Code   RO         5136    i.HAL_TIM_OC_DelayElapsedCallback  stm32f4xx_hal_tim.o
    0x0800694a   0x0800694a   0x00000104   Code   RO         5157    i.HAL_TIM_PWM_ConfigChannel  stm32f4xx_hal_tim.o
    0x08006a4e   0x08006a4e   0x00000066   Code   RO         5160    i.HAL_TIM_PWM_Init  stm32f4xx_hal_tim.o
    0x08006ab4   0x08006ab4   0x00000002   Code   RO         5162    i.HAL_TIM_PWM_MspInit  stm32f4xx_hal_tim.o
    0x08006ab6   0x08006ab6   0x00000002   Code   RO         5163    i.HAL_TIM_PWM_PulseFinishedCallback  stm32f4xx_hal_tim.o
    0x08006ab8   0x08006ab8   0x0000010c   Code   RO         5165    i.HAL_TIM_PWM_Start  stm32f4xx_hal_tim.o
    0x08006bc4   0x08006bc4   0x00000018   Code   RO           14    i.HAL_TIM_PeriodElapsedCallback  main.o
    0x08006bdc   0x08006bdc   0x00000002   Code   RO         5176    i.HAL_TIM_TriggerCallback  stm32f4xx_hal_tim.o
    0x08006bde   0x08006bde   0x00000140   Code   RO         6075    i.HAL_UARTEx_ReceiveToIdle  stm32f4xx_hal_uart.o
    0x08006d1e   0x08006d1e   0x00000002   Code   RO         6078    i.HAL_UARTEx_RxEventCallback  stm32f4xx_hal_uart.o
    0x08006d20   0x08006d20   0x00000002   Code   RO         6092    i.HAL_UART_ErrorCallback  stm32f4xx_hal_uart.o
    0x08006d22   0x08006d22   0x00000002   PAD
    0x08006d24   0x08006d24   0x000002e0   Code   RO         6095    i.HAL_UART_IRQHandler  stm32f4xx_hal_uart.o
    0x08007004   0x08007004   0x00000072   Code   RO         6096    i.HAL_UART_Init     stm32f4xx_hal_uart.o
    0x08007076   0x08007076   0x00000002   PAD
    0x08007078   0x08007078   0x000002fc   Code   RO          910    i.HAL_UART_MspInit  usart.o
    0x08007374   0x08007374   0x00000002   Code   RO         6102    i.HAL_UART_RxCpltCallback  stm32f4xx_hal_uart.o
    0x08007376   0x08007376   0x000000d2   Code   RO         6104    i.HAL_UART_Transmit  stm32f4xx_hal_uart.o
    0x08007448   0x08007448   0x00000002   Code   RO         6107    i.HAL_UART_TxCpltCallback  stm32f4xx_hal_uart.o
    0x0800744a   0x0800744a   0x00000002   PAD
    0x0800744c   0x0800744c   0x00000130   Code   RO         8273    i.H_K_R_Adjustment  kalman_filter.o
    0x0800757c   0x0800757c   0x00000004   Code   RO          976    i.HardFault_Handler  stm32f4xx_it.o
    0x08007580   0x08007580   0x00000374   Code   RO        10003    i.IMU_Param_Correction  ins_task.o
    0x080078f4   0x080078f4   0x00000238   Code   RO         8510    i.IMU_QuaternionEKF_F_Linearization_P_Fading  quaternionekf.o
    0x08007b2c   0x08007b2c   0x00000130   Code   RO         8511    i.IMU_QuaternionEKF_Init  quaternionekf.o
    0x08007c5c   0x08007c5c   0x00000034   Code   RO         8512    i.IMU_QuaternionEKF_Observe  quaternionekf.o
    0x08007c90   0x08007c90   0x00000128   Code   RO         8513    i.IMU_QuaternionEKF_SetH  quaternionekf.o
    0x08007db8   0x08007db8   0x00000634   Code   RO         8514    i.IMU_QuaternionEKF_Update  quaternionekf.o
    0x080083ec   0x080083ec   0x00000508   Code   RO         8515    i.IMU_QuaternionEKF_xhatUpdate  quaternionekf.o
    0x080088f4   0x080088f4   0x00000074   Code   RO        10004    i.IMU_Temperature_Ctrl  ins_task.o
    0x08008968   0x08008968   0x000000c4   Code   RO        10005    i.INS_Init          ins_task.o
    0x08008a2c   0x08008a2c   0x00000274   Code   RO        10006    i.INS_Task          ins_task.o
    0x08008ca0   0x08008ca0   0x0000003e   Code   RO         1226    i.IntToUnicode      usbd_desc.o
    0x08008cde   0x08008cde   0x00000002   PAD
    0x08008ce0   0x08008ce0   0x000001e8   Code   RO        10236    i.KalmanFilter_L_init  chassis_task.o
    0x08008ec8   0x08008ec8   0x000001e8   Code   RO        10237    i.KalmanFilter_R_init  chassis_task.o
    0x080090b0   0x080090b0   0x0000070c   Code   RO         8274    i.Kalman_Filter_Init  kalman_filter.o
    0x080097bc   0x080097bc   0x00000050   Code   RO         8275    i.Kalman_Filter_Measure  kalman_filter.o
    0x0800980c   0x0800980c   0x00000068   Code   RO         8276    i.Kalman_Filter_P_Update  kalman_filter.o
    0x08009874   0x08009874   0x00000068   Code   RO         8277    i.Kalman_Filter_PminusUpdate  kalman_filter.o
    0x080098dc   0x080098dc   0x000000d2   Code   RO         8278    i.Kalman_Filter_SetK  kalman_filter.o
    0x080099ae   0x080099ae   0x00000002   PAD
    0x080099b0   0x080099b0   0x00000128   Code   RO         8279    i.Kalman_Filter_Update  kalman_filter.o
    0x08009ad8   0x08009ad8   0x0000007c   Code   RO         8280    i.Kalman_Filter_xhatMinusUpdate  kalman_filter.o
    0x08009b54   0x08009b54   0x00000086   Code   RO         8281    i.Kalman_Filter_xhatUpdate  kalman_filter.o
    0x08009bda   0x08009bda   0x00000002   PAD
    0x08009bdc   0x08009bdc   0x00000160   Code   RO        10238    i.LegInit           chassis_task.o
    0x08009d3c   0x08009d3c   0x00000070   Code   RO          577    i.MX_ADC1_Init      adc.o
    0x08009dac   0x08009dac   0x00000070   Code   RO          578    i.MX_ADC3_Init      adc.o
    0x08009e1c   0x08009e1c   0x00000048   Code   RO          625    i.MX_CAN1_Init      can.o
    0x08009e64   0x08009e64   0x00000048   Code   RO          626    i.MX_CAN2_Init      can.o
    0x08009eac   0x08009eac   0x000000a8   Code   RO          672    i.MX_DMA_Init       dma.o
    0x08009f54   0x08009f54   0x00000098   Code   RO          463    i.MX_FREERTOS_Init  freertos.o
    0x08009fec   0x08009fec   0x00000230   Code   RO          310    i.MX_GPIO_Init      gpio.o
    0x0800a21c   0x0800a21c   0x0000003c   Code   RO          701    i.MX_I2C2_Init      i2c.o
    0x0800a258   0x0800a258   0x0000003c   Code   RO          702    i.MX_I2C3_Init      i2c.o
    0x0800a294   0x0800a294   0x00000034   Code   RO          749    i.MX_RTC_Init       rtc.o
    0x0800a2c8   0x0800a2c8   0x00000048   Code   RO          791    i.MX_SPI1_Init      spi.o
    0x0800a310   0x0800a310   0x00000040   Code   RO          792    i.MX_SPI2_Init      spi.o
    0x0800a350   0x0800a350   0x0000006c   Code   RO          840    i.MX_TIM10_Init     tim.o
    0x0800a3bc   0x0800a3bc   0x000000dc   Code   RO          841    i.MX_TIM1_Init      tim.o
    0x0800a498   0x0800a498   0x0000006c   Code   RO          842    i.MX_TIM2_Init      tim.o
    0x0800a504   0x0800a504   0x000000a4   Code   RO          843    i.MX_TIM4_Init      tim.o
    0x0800a5a8   0x0800a5a8   0x000000c4   Code   RO          844    i.MX_TIM5_Init      tim.o
    0x0800a66c   0x0800a66c   0x00000038   Code   RO          911    i.MX_USART1_UART_Init  usart.o
    0x0800a6a4   0x0800a6a4   0x00000040   Code   RO          912    i.MX_USART3_UART_Init  usart.o
    0x0800a6e4   0x0800a6e4   0x00000038   Code   RO          913    i.MX_USART6_UART_Init  usart.o
    0x0800a71c   0x0800a71c   0x0000004c   Code   RO         1168    i.MX_USB_DEVICE_Init  usb_device.o
    0x0800a768   0x0800a768   0x00000004   Code   RO          977    i.MemManage_Handler  stm32f4xx_it.o
    0x0800a76c   0x0800a76c   0x00000004   Code   RO          978    i.NMI_Handler       stm32f4xx_it.o
    0x0800a770   0x0800a770   0x0000024c   Code   RO         8358    i.OLS_Derivative    user_lib.o
    0x0800a9bc   0x0800a9bc   0x00000058   Code   RO         8359    i.OLS_Init          user_lib.o
    0x0800aa14   0x0800aa14   0x00000010   Code   RO          979    i.OTG_FS_IRQHandler  stm32f4xx_it.o
    0x0800aa24   0x0800aa24   0x00000064   Code   RO         1614    i.PCD_EP_OutSetupPacket_int  stm32f4xx_hal_pcd.o
    0x0800aa88   0x0800aa88   0x00000144   Code   RO         1615    i.PCD_EP_OutXfrComplete_int  stm32f4xx_hal_pcd.o
    0x0800abcc   0x0800abcc   0x000000b6   Code   RO         1616    i.PCD_WriteEmptyTxFifo  stm32f4xx_hal_pcd.o
    0x0800ac82   0x0800ac82   0x000002d0   Code   RO         8584    i.PID_Calculate     controller.o
    0x0800af52   0x0800af52   0x00000002   PAD
    0x0800af54   0x0800af54   0x000000bc   Code   RO         8585    i.PID_Init          controller.o
    0x0800b010   0x0800b010   0x0000009c   Code   RO         9222    i.RC_Init           bsp_rc.o
    0x0800b0ac   0x0800b0ac   0x0000004a   Code   RO         4383    i.RTC_EnterInitMode  stm32f4xx_hal_rtc.o
    0x0800b0f6   0x0800b0f6   0x0000002e   Code   RO         4384    i.RTC_ExitInitMode  stm32f4xx_hal_rtc.o
    0x0800b124   0x0800b124   0x000000b0   Code   RO        10889    i.SERVO_Send_recv   go-m8010-6.o
    0x0800b1d4   0x0800b1d4   0x0000006c   Code   RO         4810    i.SPI_EndRxTxTransaction  stm32f4xx_hal_spi.o
    0x0800b240   0x0800b240   0x000000d8   Code   RO         4815    i.SPI_WaitFlagStateUntilTimeout  stm32f4xx_hal_spi.o
    0x0800b318   0x0800b318   0x00000012   Code   RO         8005    i.SWAPBYTE          usbd_ctlreq.o
    0x0800b32a   0x0800b32a   0x00000008   Code   RO          464    i.StartDefaultTask  freertos.o
    0x0800b332   0x0800b332   0x00000012   Code   RO          465    i.StartINSTask      freertos.o
    0x0800b344   0x0800b344   0x00000034   Code   RO         7764    i.SysTick_Handler   port.o
    0x0800b378   0x0800b378   0x000000b8   Code   RO           15    i.SystemClock_Config  main.o
    0x0800b430   0x0800b430   0x00000014   Code   RO         6435    i.SystemInit        system_stm32f4xx.o
    0x0800b444   0x0800b444   0x00000010   Code   RO          980    i.TIM7_IRQHandler   stm32f4xx_it.o
    0x0800b454   0x0800b454   0x000000d8   Code   RO         5178    i.TIM_Base_SetConfig  stm32f4xx_hal_tim.o
    0x0800b52c   0x0800b52c   0x00000022   Code   RO         5179    i.TIM_CCxChannelCmd  stm32f4xx_hal_tim.o
    0x0800b54e   0x0800b54e   0x00000016   Code   RO         5189    i.TIM_ETR_SetConfig  stm32f4xx_hal_tim.o
    0x0800b564   0x0800b564   0x00000012   Code   RO         5190    i.TIM_ITRx_SetConfig  stm32f4xx_hal_tim.o
    0x0800b576   0x0800b576   0x00000002   PAD
    0x0800b578   0x0800b578   0x00000070   Code   RO         5191    i.TIM_OC1_SetConfig  stm32f4xx_hal_tim.o
    0x0800b5e8   0x0800b5e8   0x0000007c   Code   RO         5192    i.TIM_OC2_SetConfig  stm32f4xx_hal_tim.o
    0x0800b664   0x0800b664   0x00000078   Code   RO         5193    i.TIM_OC3_SetConfig  stm32f4xx_hal_tim.o
    0x0800b6dc   0x0800b6dc   0x00000054   Code   RO         5194    i.TIM_OC4_SetConfig  stm32f4xx_hal_tim.o
    0x0800b730   0x0800b730   0x0000003a   Code   RO         8797    i.TIM_Set_PWM       bsp_pwm.o
    0x0800b76a   0x0800b76a   0x00000026   Code   RO         5196    i.TIM_TI1_ConfigInputStage  stm32f4xx_hal_tim.o
    0x0800b790   0x0800b790   0x00000028   Code   RO         5198    i.TIM_TI2_ConfigInputStage  stm32f4xx_hal_tim.o
    0x0800b7b8   0x0800b7b8   0x00000014   Code   RO         6109    i.UART_DMAAbortOnError  stm32f4xx_hal_uart.o
    0x0800b7cc   0x0800b7cc   0x0000006c   Code   RO         6119    i.UART_EndRxTransfer  stm32f4xx_hal_uart.o
    0x0800b838   0x0800b838   0x00000020   Code   RO         6120    i.UART_EndTransmit_IT  stm32f4xx_hal_uart.o
    0x0800b858   0x0800b858   0x000000f8   Code   RO         6122    i.UART_Receive_IT   stm32f4xx_hal_uart.o
    0x0800b950   0x0800b950   0x0000022c   Code   RO         6123    i.UART_SetConfig    stm32f4xx_hal_uart.o
    0x0800bb7c   0x0800bb7c   0x00000060   Code   RO         6126    i.UART_Transmit_IT  stm32f4xx_hal_uart.o
    0x0800bbdc   0x0800bbdc   0x00000092   Code   RO         6127    i.UART_WaitOnFlagUntilTimeout  stm32f4xx_hal_uart.o
    0x0800bc6e   0x0800bc6e   0x00000002   PAD
    0x0800bc70   0x0800bc70   0x00000130   Code   RO        10740    i.USART3_IRQHandler  remote_control.o
    0x0800bda0   0x0800bda0   0x00000010   Code   RO          981    i.USART6_IRQHandler  stm32f4xx_it.o
    0x0800bdb0   0x0800bdb0   0x000000c4   Code   RO         8168    i.USBD_CDC_DataIn   usbd_cdc.o
    0x0800be74   0x0800be74   0x00000048   Code   RO         8169    i.USBD_CDC_DataOut  usbd_cdc.o
    0x0800bebc   0x0800bebc   0x000000d4   Code   RO         8170    i.USBD_CDC_DeInit   usbd_cdc.o
    0x0800bf90   0x0800bf90   0x00000050   Code   RO         8171    i.USBD_CDC_EP0_RxReady  usbd_cdc.o
    0x0800bfe0   0x0800bfe0   0x00000010   Code   RO         8172    i.USBD_CDC_GetDeviceQualifierDescriptor  usbd_cdc.o
    0x0800bff0   0x0800bff0   0x00000044   Code   RO         8173    i.USBD_CDC_GetFSCfgDesc  usbd_cdc.o
    0x0800c034   0x0800c034   0x00000048   Code   RO         8174    i.USBD_CDC_GetHSCfgDesc  usbd_cdc.o
    0x0800c07c   0x0800c07c   0x00000044   Code   RO         8175    i.USBD_CDC_GetOtherSpeedCfgDesc  usbd_cdc.o
    0x0800c0c0   0x0800c0c0   0x000001a0   Code   RO         8176    i.USBD_CDC_Init     usbd_cdc.o
    0x0800c260   0x0800c260   0x00000050   Code   RO         8177    i.USBD_CDC_ReceivePacket  usbd_cdc.o
    0x0800c2b0   0x0800c2b0   0x00000018   Code   RO         8178    i.USBD_CDC_RegisterInterface  usbd_cdc.o
    0x0800c2c8   0x0800c2c8   0x0000001e   Code   RO         8179    i.USBD_CDC_SetRxBuffer  usbd_cdc.o
    0x0800c2e6   0x0800c2e6   0x00000024   Code   RO         8180    i.USBD_CDC_SetTxBuffer  usbd_cdc.o
    0x0800c30a   0x0800c30a   0x00000140   Code   RO         8181    i.USBD_CDC_Setup    usbd_cdc.o
    0x0800c44a   0x0800c44a   0x0000001c   Code   RO         7843    i.USBD_ClrClassConfig  usbd_core.o
    0x0800c466   0x0800c466   0x0000003e   Code   RO         8006    i.USBD_ClrFeature   usbd_ctlreq.o
    0x0800c4a4   0x0800c4a4   0x00000006   Code   RO         7844    i.USBD_CoreFindEP   usbd_core.o
    0x0800c4aa   0x0800c4aa   0x00000006   Code   RO         7845    i.USBD_CoreFindIF   usbd_core.o
    0x0800c4b0   0x0800c4b0   0x00000018   Code   RO         8108    i.USBD_CtlContinueRx  usbd_ioreq.o
    0x0800c4c8   0x0800c4c8   0x00000018   Code   RO         8109    i.USBD_CtlContinueSendData  usbd_ioreq.o
    0x0800c4e0   0x0800c4e0   0x00000018   Code   RO         8007    i.USBD_CtlError     usbd_ctlreq.o
    0x0800c4f8   0x0800c4f8   0x00000028   Code   RO         8110    i.USBD_CtlPrepareRx  usbd_ioreq.o
    0x0800c520   0x0800c520   0x0000001a   Code   RO         8111    i.USBD_CtlReceiveStatus  usbd_ioreq.o
    0x0800c53a   0x0800c53a   0x00000022   Code   RO         8112    i.USBD_CtlSendData  usbd_ioreq.o
    0x0800c55c   0x0800c55c   0x0000001a   Code   RO         8113    i.USBD_CtlSendStatus  usbd_ioreq.o
    0x0800c576   0x0800c576   0x00000002   PAD
    0x0800c578   0x0800c578   0x00000034   Code   RO         1227    i.USBD_FS_ConfigStrDescriptor  usbd_desc.o
    0x0800c5ac   0x0800c5ac   0x00000010   Code   RO         1228    i.USBD_FS_DeviceDescriptor  usbd_desc.o
    0x0800c5bc   0x0800c5bc   0x00000038   Code   RO         1229    i.USBD_FS_InterfaceStrDescriptor  usbd_desc.o
    0x0800c5f4   0x0800c5f4   0x00000010   Code   RO         1230    i.USBD_FS_LangIDStrDescriptor  usbd_desc.o
    0x0800c604   0x0800c604   0x0000002c   Code   RO         1231    i.USBD_FS_ManufacturerStrDescriptor  usbd_desc.o
    0x0800c630   0x0800c630   0x00000040   Code   RO         1232    i.USBD_FS_ProductStrDescriptor  usbd_desc.o
    0x0800c670   0x0800c670   0x00000018   Code   RO         1233    i.USBD_FS_SerialStrDescriptor  usbd_desc.o
    0x0800c688   0x0800c688   0x00000056   Code   RO         8008    i.USBD_GetConfig    usbd_ctlreq.o
    0x0800c6de   0x0800c6de   0x000001fc   Code   RO         8009    i.USBD_GetDescriptor  usbd_ctlreq.o
    0x0800c8da   0x0800c8da   0x00000050   Code   RO         7847    i.USBD_GetEpDesc    usbd_core.o
    0x0800c92a   0x0800c92a   0x00000016   Code   RO         8010    i.USBD_GetLen       usbd_ctlreq.o
    0x0800c940   0x0800c940   0x00000014   Code   RO         7848    i.USBD_GetNextDesc  usbd_core.o
    0x0800c954   0x0800c954   0x0000005a   Code   RO         8011    i.USBD_GetStatus    usbd_ctlreq.o
    0x0800c9ae   0x0800c9ae   0x00000054   Code   RO         8012    i.USBD_GetString    usbd_ctlreq.o
    0x0800ca02   0x0800ca02   0x0000002c   Code   RO         1385    i.USBD_Get_USB_Status  usbd_conf.o
    0x0800ca2e   0x0800ca2e   0x0000003a   Code   RO         7849    i.USBD_Init         usbd_core.o
    0x0800ca68   0x0800ca68   0x00000026   Code   RO         1386    i.USBD_LL_ClearStallEP  usbd_conf.o
    0x0800ca8e   0x0800ca8e   0x00000026   Code   RO         1387    i.USBD_LL_CloseEP   usbd_conf.o
    0x0800cab4   0x0800cab4   0x00000108   Code   RO         7850    i.USBD_LL_DataInStage  usbd_core.o
    0x0800cbbc   0x0800cbbc   0x00000102   Code   RO         7851    i.USBD_LL_DataOutStage  usbd_core.o
    0x0800ccbe   0x0800ccbe   0x00000006   Code   RO         7852    i.USBD_LL_DevConnected  usbd_core.o
    0x0800ccc4   0x0800ccc4   0x00000026   Code   RO         7853    i.USBD_LL_DevDisconnected  usbd_core.o
    0x0800ccea   0x0800ccea   0x00000012   Code   RO         1391    i.USBD_LL_GetRxDataSize  usbd_conf.o
    0x0800ccfc   0x0800ccfc   0x00000068   Code   RO         1392    i.USBD_LL_Init      usbd_conf.o
    0x0800cd64   0x0800cd64   0x00000038   Code   RO         1393    i.USBD_LL_IsStallEP  usbd_conf.o
    0x0800cd9c   0x0800cd9c   0x00000048   Code   RO         7854    i.USBD_LL_IsoINIncomplete  usbd_core.o
    0x0800cde4   0x0800cde4   0x00000048   Code   RO         7855    i.USBD_LL_IsoOUTIncomplete  usbd_core.o
    0x0800ce2c   0x0800ce2c   0x00000030   Code   RO         1394    i.USBD_LL_OpenEP    usbd_conf.o
    0x0800ce5c   0x0800ce5c   0x00000030   Code   RO         1395    i.USBD_LL_PrepareReceive  usbd_conf.o
    0x0800ce8c   0x0800ce8c   0x0000006c   Code   RO         7856    i.USBD_LL_Reset     usbd_core.o
    0x0800cef8   0x0800cef8   0x00000016   Code   RO         7857    i.USBD_LL_Resume    usbd_core.o
    0x0800cf0e   0x0800cf0e   0x00000028   Code   RO         7858    i.USBD_LL_SOF       usbd_core.o
    0x0800cf36   0x0800cf36   0x00000008   Code   RO         7859    i.USBD_LL_SetSpeed  usbd_core.o
    0x0800cf3e   0x0800cf3e   0x00000026   Code   RO         1396    i.USBD_LL_SetUSBAddress  usbd_conf.o
    0x0800cf64   0x0800cf64   0x00000076   Code   RO         7860    i.USBD_LL_SetupStage  usbd_core.o
    0x0800cfda   0x0800cfda   0x00000026   Code   RO         1397    i.USBD_LL_StallEP   usbd_conf.o
    0x0800d000   0x0800d000   0x0000001e   Code   RO         1398    i.USBD_LL_Start     usbd_conf.o
    0x0800d01e   0x0800d01e   0x00000014   Code   RO         7861    i.USBD_LL_Suspend   usbd_core.o
    0x0800d032   0x0800d032   0x00000030   Code   RO         1400    i.USBD_LL_Transmit  usbd_conf.o
    0x0800d062   0x0800d062   0x00000036   Code   RO         8013    i.USBD_ParseSetupRequest  usbd_ctlreq.o
    0x0800d098   0x0800d098   0x00000048   Code   RO         7862    i.USBD_RegisterClass  usbd_core.o
    0x0800d0e0   0x0800d0e0   0x00000006   Code   RO         7863    i.USBD_RunTestMode  usbd_core.o
    0x0800d0e6   0x0800d0e6   0x0000005a   Code   RO         8014    i.USBD_SetAddress   usbd_ctlreq.o
    0x0800d140   0x0800d140   0x00000020   Code   RO         7864    i.USBD_SetClassConfig  usbd_core.o
    0x0800d160   0x0800d160   0x00000104   Code   RO         8015    i.USBD_SetConfig    usbd_ctlreq.o
    0x0800d264   0x0800d264   0x00000038   Code   RO         8016    i.USBD_SetFeature   usbd_ctlreq.o
    0x0800d29c   0x0800d29c   0x0000000c   Code   RO         7865    i.USBD_Start        usbd_core.o
    0x0800d2a8   0x0800d2a8   0x000000ae   Code   RO         8017    i.USBD_StdDevReq    usbd_ctlreq.o
    0x0800d356   0x0800d356   0x00000280   Code   RO         8018    i.USBD_StdEPReq     usbd_ctlreq.o
    0x0800d5d6   0x0800d5d6   0x000000ae   Code   RO         8019    i.USBD_StdItfReq    usbd_ctlreq.o
    0x0800d684   0x0800d684   0x00000002   Code   RO         1401    i.USBD_static_free  usbd_conf.o
    0x0800d686   0x0800d686   0x00000002   PAD
    0x0800d688   0x0800d688   0x0000000c   Code   RO         1402    i.USBD_static_malloc  usbd_conf.o
    0x0800d694   0x0800d694   0x000000d0   Code   RO         1865    i.USB_ActivateEndpoint  stm32f4xx_ll_usb.o
    0x0800d764   0x0800d764   0x00000028   Code   RO         1867    i.USB_ActivateSetup  stm32f4xx_ll_usb.o
    0x0800d78c   0x0800d78c   0x00000084   Code   RO         1869    i.USB_CoreInit      stm32f4xx_ll_usb.o
    0x0800d810   0x0800d810   0x00000058   Code   RO         1870    i.USB_CoreReset     stm32f4xx_ll_usb.o
    0x0800d868   0x0800d868   0x0000014c   Code   RO         1873    i.USB_DeactivateEndpoint  stm32f4xx_ll_usb.o
    0x0800d9b4   0x0800d9b4   0x00000024   Code   RO         1874    i.USB_DevConnect    stm32f4xx_ll_usb.o
    0x0800d9d8   0x0800d9d8   0x00000024   Code   RO         1875    i.USB_DevDisconnect  stm32f4xx_ll_usb.o
    0x0800d9fc   0x0800d9fc   0x000001e0   Code   RO         1876    i.USB_DevInit       stm32f4xx_ll_usb.o
    0x0800dbdc   0x0800dbdc   0x0000000e   Code   RO         1877    i.USB_DisableGlobalInt  stm32f4xx_ll_usb.o
    0x0800dbea   0x0800dbea   0x00000002   PAD
    0x0800dbec   0x0800dbec   0x000001dc   Code   RO         1880    i.USB_EP0StartXfer  stm32f4xx_ll_usb.o
    0x0800ddc8   0x0800ddc8   0x00000070   Code   RO         1881    i.USB_EP0_OutStart  stm32f4xx_ll_usb.o
    0x0800de38   0x0800de38   0x0000008e   Code   RO         1882    i.USB_EPClearStall  stm32f4xx_ll_usb.o
    0x0800dec6   0x0800dec6   0x0000009a   Code   RO         1883    i.USB_EPSetStall    stm32f4xx_ll_usb.o
    0x0800df60   0x0800df60   0x00000348   Code   RO         1884    i.USB_EPStartXfer   stm32f4xx_ll_usb.o
    0x0800e2a8   0x0800e2a8   0x000000ec   Code   RO         1885    i.USB_EPStopXfer    stm32f4xx_ll_usb.o
    0x0800e394   0x0800e394   0x0000000e   Code   RO         1886    i.USB_EnableGlobalInt  stm32f4xx_ll_usb.o
    0x0800e3a2   0x0800e3a2   0x00000002   PAD
    0x0800e3a4   0x0800e3a4   0x00000054   Code   RO         1887    i.USB_FlushRxFifo   stm32f4xx_ll_usb.o
    0x0800e3f8   0x0800e3f8   0x00000058   Code   RO         1888    i.USB_FlushTxFifo   stm32f4xx_ll_usb.o
    0x0800e450   0x0800e450   0x00000026   Code   RO         1890    i.USB_GetDevSpeed   stm32f4xx_ll_usb.o
    0x0800e476   0x0800e476   0x0000000a   Code   RO         1892    i.USB_GetMode       stm32f4xx_ll_usb.o
    0x0800e480   0x0800e480   0x00000014   Code   RO         1899    i.USB_ReadDevAllInEpInterrupt  stm32f4xx_ll_usb.o
    0x0800e494   0x0800e494   0x00000014   Code   RO         1900    i.USB_ReadDevAllOutEpInterrupt  stm32f4xx_ll_usb.o
    0x0800e4a8   0x0800e4a8   0x00000032   Code   RO         1901    i.USB_ReadDevInEPInterrupt  stm32f4xx_ll_usb.o
    0x0800e4da   0x0800e4da   0x0000001a   Code   RO         1902    i.USB_ReadDevOutEPInterrupt  stm32f4xx_ll_usb.o
    0x0800e4f4   0x0800e4f4   0x0000000a   Code   RO         1903    i.USB_ReadInterrupts  stm32f4xx_ll_usb.o
    0x0800e4fe   0x0800e4fe   0x00000060   Code   RO         1904    i.USB_ReadPacket    stm32f4xx_ll_usb.o
    0x0800e55e   0x0800e55e   0x00000068   Code   RO         1906    i.USB_SetCurrentMode  stm32f4xx_ll_usb.o
    0x0800e5c6   0x0800e5c6   0x0000002a   Code   RO         1907    i.USB_SetDevAddress  stm32f4xx_ll_usb.o
    0x0800e5f0   0x0800e5f0   0x00000012   Code   RO         1908    i.USB_SetDevSpeed   stm32f4xx_ll_usb.o
    0x0800e602   0x0800e602   0x00000002   PAD
    0x0800e604   0x0800e604   0x000000e8   Code   RO         1909    i.USB_SetTurnaroundTime  stm32f4xx_ll_usb.o
    0x0800e6ec   0x0800e6ec   0x00000044   Code   RO         1912    i.USB_WritePacket   stm32f4xx_ll_usb.o
    0x0800e730   0x0800e730   0x00000004   Code   RO          982    i.UsageFault_Handler  stm32f4xx_it.o
    0x0800e734   0x0800e734   0x000005e4   Code   RO         9410    i.VMC_calc          vmc.o
    0x0800ed18   0x0800ed18   0x0000019c   Code   RO         9411    i.VMC_init          vmc.o
    0x0800eeb4   0x0800eeb4   0x0000009c   Code   RO         9904    i._Z11differ_calcP15differ_type_defffff  filter.o
    0x0800ef50   0x0800ef50   0x00000008   Code   RO        10239    i._Z12chassispointv  chassis_task.o
    0x0800ef58   0x0800ef58   0x00000040   Code   RO         9960    i._Z15Kalman_fir_initP12Kalman_fir_tff  kalmanfliter.o
    0x0800ef98   0x0800ef98   0x00000096   Code   RO         9962    i._Z16KalmanFilter_firP12Kalman_fir_tf  kalmanfliter.o
    0x0800f02e   0x0800f02e   0x00000002   PAD
    0x0800f030   0x0800f030   0x00000028   Code   RO         9905    i._Z19differentiator_initP15differ_type_def  filter.o
    0x0800f058   0x0800f058   0x00000032   Code   RO         9906    i._Z8LPF_calcP12LPF_type_deff  filter.o
    0x0800f08a   0x0800f08a   0x00000002   PAD
    0x0800f08c   0x0800f08c   0x00000020   Code   RO         9907    i._Z8LPF_initP12LPF_type_defff  filter.o
    0x0800f0ac   0x0800f0ac   0x0000052c   Code   RO         9700    i._ZN12LQR_Wheelleg4calcEPA6_Kff  lqr_wheelleg.o
    0x0800f5d8   0x0800f5d8   0x000000e0   Code   RO         9701    i._ZN12LQR_Wheelleg4initEv  lqr_wheelleg.o
    0x0800f6b8   0x0800f6b8   0x0000094a   Code   RO        10240    i._ZN14chassis_data_t16chassis_feedbackEv  chassis_task.o
    0x08010002   0x08010002   0x00000002   PAD
    0x08010004   0x08010004   0x0000001c   Code   RO        10241    i._ZN14chassis_data_t17chassis_go1_W_setEf  chassis_task.o
    0x08010020   0x08010020   0x000000b4   Code   RO        10243    i._ZN14chassis_data_t18chassis_stand_modeEv  chassis_task.o
    0x080100d4   0x080100d4   0x0000009c   Code   RO        10244    i._ZN14chassis_data_t19chassis_auto_lengthEv  chassis_task.o
    0x08010170   0x08010170   0x00000304   Code   RO        10245    i._ZN14chassis_data_t20chassis_control_loopEv  chassis_task.o
    0x08010474   0x08010474   0x00000250   Code   RO        10246    i._ZN14chassis_data_t20chassis_player_orderEv  chassis_task.o
    0x080106c4   0x080106c4   0x0000009c   Code   RO        10247    i._ZN14chassis_data_t21chassis_control_stateEv  chassis_task.o
    0x08010760   0x08010760   0x00000094   Code   RO        10248    i._ZN14chassis_data_t21chassis_stand_up_modeEv  chassis_task.o
    0x080107f4   0x080107f4   0x000002cc   Code   RO        10249    i._ZN14chassis_data_t22Chassis_single_controlEv  chassis_task.o
    0x08010ac0   0x08010ac0   0x000000b4   Code   RO        10250    i._ZN14chassis_data_t23chassis_stand_down_modeEv  chassis_task.o
    0x08010b74   0x08010b74   0x00000038   Code   RO        10251    i._ZN14chassis_data_t24chassis_zero_control_setEv  chassis_task.o
    0x08010bac   0x08010bac   0x000002d0   Code   RO        10252    i._ZN14chassis_data_tC1Ev  chassis_task.o
    0x08010e7c   0x08010e7c   0x00000210   Code   RO         9340    i._ZN5PID_t4calcEff  pid.o
    0x0801108c   0x0801108c   0x00000058   Code   RO         9341    i._ZN5PID_t4initEhPKfff  pid.o
    0x080110e4   0x080110e4   0x00000018   Code   RO         9459    i._ZSt4atanf        vmc.o
    0x080110fc   0x080110fc   0x0000000a   Code   RO        10383    i._ZSt4fabsf        chassis_task.o
    0x08011106   0x08011106   0x00000018   Code   RO         9465    i._ZSt4sqrtf        vmc.o
    0x0801111e   0x0801111e   0x00000026   Code   RO        11475    i.__ARM_fpclassifyf  m_wm.l(fpclassifyf.o)
    0x08011144   0x08011144   0x00000010   Code   RO         2977    i.__NVIC_GetPriorityGrouping  stm32f4xx_hal_cortex.o
    0x08011154   0x08011154   0x00000028   Code   RO         2978    i.__NVIC_SetPriority  stm32f4xx_hal_cortex.o
    0x0801117c   0x0801117c   0x00000010   Code   RO        11276    i.__cxa_guard_acquire  cpprt_w.l(cxa_guard_acquire.o)
    0x0801118c   0x0801118c   0x00000118   Code   RO        11304    i.__hardfp_acosf    m_wm.l(acosf.o)
    0x080112a4   0x080112a4   0x0000012c   Code   RO        11316    i.__hardfp_asinf    m_wm.l(asinf.o)
    0x080113d0   0x080113d0   0x00000250   Code   RO        11328    i.__hardfp_atan2f   m_wm.l(atan2f.o)
    0x08011620   0x08011620   0x00000160   Code   RO        11340    i.__hardfp_atanf    m_wm.l(atanf.o)
    0x08011780   0x08011780   0x0000003a   Code   RO        11382    i.__hardfp_sqrtf    m_wm.l(sqrtf_full.o)
    0x080117ba   0x080117ba   0x00000006   Code   RO        11478    i.__mathlib_flt_infnan  m_wm.l(funder.o)
    0x080117c0   0x080117c0   0x00000006   Code   RO        11479    i.__mathlib_flt_infnan2  m_wm.l(funder.o)
    0x080117c6   0x080117c6   0x00000002   PAD
    0x080117c8   0x080117c8   0x00000010   Code   RO        11480    i.__mathlib_flt_invalid  m_wm.l(funder.o)
    0x080117d8   0x080117d8   0x00000010   Code   RO        11483    i.__mathlib_flt_underflow  m_wm.l(funder.o)
    0x080117e8   0x080117e8   0x00000010   Code   RO        10253    i.__sti___16_chassis_task_cpp_beb60bfb  chassis_task.o
    0x080117f8   0x080117f8   0x00000068   Code   RO         9313    i.aRGB_led_show     bsp_led.o
    0x08011860   0x08011860   0x0000016c   Code   RO         9775    i.bmi088_accel_init  bmi088driver.o
    0x080119cc   0x080119cc   0x00000130   Code   RO         9776    i.bmi088_gyro_init  bmi088driver.o
    0x08011afc   0x08011afc   0x0000005c   Code   RO         8828    i.can_filter_init   bsp_can.o
    0x08011b58   0x08011b58   0x00000088   Code   RO        10254    i.chassis_jump_task  chassis_task.o
    0x08011be0   0x08011be0   0x00000074   Code   RO        10255    i.chassis_task      chassis_task.o
    0x08011c54   0x08011c54   0x00000028   Code   RO        10890    i.crc_ccitt         go-m8010-6.o
    0x08011c7c   0x08011c7c   0x00000018   Code   RO        10891    i.crc_ccitt_byte    go-m8010-6.o
    0x08011c94   0x08011c94   0x00000124   Code   RO        10101    i.detect_hook       detect_task.o
    0x08011db8   0x08011db8   0x000000c4   Code   RO        10892    i.extract_data      go-m8010-6.o
    0x08011e7c   0x08011e7c   0x000000f0   Code   RO         8588    i.f_Changing_Integration_Rate  controller.o
    0x08011f6c   0x08011f6c   0x00000056   Code   RO         8589    i.f_Derivative_Filter  controller.o
    0x08011fc2   0x08011fc2   0x000000f4   Code   RO         8590    i.f_Derivative_On_Measurement  controller.o
    0x080120b6   0x080120b6   0x00000002   PAD
    0x080120b8   0x080120b8   0x000000f0   Code   RO         8591    i.f_Integral_Limit  controller.o
    0x080121a8   0x080121a8   0x00000056   Code   RO         8592    i.f_Output_Filter   controller.o
    0x080121fe   0x080121fe   0x00000046   Code   RO         8593    i.f_Output_Limit    controller.o
    0x08012244   0x08012244   0x000000b4   Code   RO         8594    i.f_PID_ErrorHandle  controller.o
    0x080122f8   0x080122f8   0x00000046   Code   RO         8595    i.f_Proportion_Limit  controller.o
    0x0801233e   0x0801233e   0x00000080   Code   RO         8596    i.f_Trapezoid_Intergral  controller.o
    0x080123be   0x080123be   0x0000002a   Code   RO         8365    i.float_constrain   user_lib.o
    0x080123e8   0x080123e8   0x00000048   Code   RO         8367    i.float_rounding    user_lib.o
    0x08012430   0x08012430   0x00000008   Code   RO        10256    i.get_chassis_order_point  chassis_task.o
    0x08012438   0x08012438   0x00000008   Code   RO        10009    i.get_ins_measure_point  ins_task.o
    0x08012440   0x08012440   0x00000014   Code   RO        10490    i.get_mf9025_chassis_motor_measure_point  can_receive.o
    0x08012454   0x08012454   0x00000008   Code   RO        10741    i.get_remote_control_point  remote_control.o
    0x0801245c   0x0801245c   0x0000003c   Code   RO         8516    i.invSqrt           quaternionekf.o
    0x08012498   0x08012498   0x0000009c   Code   RO           16    i.main              main.o
    0x08012534   0x08012534   0x0000000e   Code   RO         7326    i.makeFreeRtosPriority  cmsis_os.o
    0x08012542   0x08012542   0x00000002   PAD
    0x08012544   0x08012544   0x00000218   Code   RO        10893    i.modify_data       go-m8010-6.o
    0x0801275c   0x0801275c   0x00000020   Code   RO        10197    i.monitor_task      monitor_task.o
    0x0801277c   0x0801277c   0x00000018   Code   RO         7328    i.osDelay           cmsis_os.o
    0x08012794   0x08012794   0x0000000a   Code   RO         7331    i.osKernelStart     cmsis_os.o
    0x0801279e   0x0801279e   0x0000005e   Code   RO         7365    i.osThreadCreate    cmsis_os.o
    0x080127fc   0x080127fc   0x00000098   Code   RO         6977    i.prvAddCurrentTaskToDelayedList  tasks.o
    0x08012894   0x08012894   0x000000b4   Code   RO         6978    i.prvAddNewTaskToReadyList  tasks.o
    0x08012948   0x08012948   0x00000048   Code   RO         6979    i.prvCheckTasksWaitingTermination  tasks.o
    0x08012990   0x08012990   0x00000050   Code   RO         6980    i.prvDeleteTCB      tasks.o
    0x080129e0   0x080129e0   0x0000007c   Code   RO         7696    i.prvHeapInit       heap_4.o
    0x08012a5c   0x08012a5c   0x00000028   Code   RO         6981    i.prvIdleTask       tasks.o
    0x08012a84   0x08012a84   0x000000b4   Code   RO         6982    i.prvInitialiseNewTask  tasks.o
    0x08012b38   0x08012b38   0x00000068   Code   RO         6983    i.prvInitialiseTaskLists  tasks.o
    0x08012ba0   0x08012ba0   0x00000068   Code   RO         7697    i.prvInsertBlockIntoFreeList  heap_4.o
    0x08012c08   0x08012c08   0x00000034   Code   RO         6984    i.prvResetNextTaskUnblockTime  tasks.o
    0x08012c3c   0x08012c3c   0x00000040   Code   RO         7765    i.prvTaskExitError  port.o
    0x08012c7c   0x08012c7c   0x0000014c   Code   RO         7698    i.pvPortMalloc      heap_4.o
    0x08012dc8   0x08012dc8   0x0000002c   Code   RO         7766    i.pxPortInitialiseStack  port.o
    0x08012df4   0x08012df4   0x00000014   Code   RO        10742    i.remote_control_init  remote_control.o
    0x08012e08   0x08012e08   0x000000da   Code   RO        10743    i.sbus_to_rc        remote_control.o
    0x08012ee2   0x08012ee2   0x0000003e   Code   RO        11384    i.sqrtf             m_wm.l(sqrtf_full.o)
    0x08012f20   0x08012f20   0x00000010   Code   RO        10491    i.update_can_flag   can_receive.o
    0x08012f30   0x08012f30   0x00000028   Code   RO         6603    i.uxListRemove      list.o
    0x08012f58   0x08012f58   0x00000018   Code   RO          466    i.vApplicationGetIdleTaskMemory  freertos.o
    0x08012f70   0x08012f70   0x0000001a   Code   RO         6604    i.vListInitialise   list.o
    0x08012f8a   0x08012f8a   0x00000006   Code   RO         6605    i.vListInitialiseItem  list.o
    0x08012f90   0x08012f90   0x00000034   Code   RO         6606    i.vListInsert       list.o
    0x08012fc4   0x08012fc4   0x00000018   Code   RO         6607    i.vListInsertEnd    list.o
    0x08012fdc   0x08012fdc   0x00000054   Code   RO         7768    i.vPortEnterCritical  port.o
    0x08013030   0x08013030   0x0000003c   Code   RO         7769    i.vPortExitCritical  port.o
    0x0801306c   0x0801306c   0x000000a4   Code   RO         7699    i.vPortFree         heap_4.o
    0x08013110   0x08013110   0x00000028   Code   RO         7770    i.vPortSetupTimerInterrupt  port.o
    0x08013138   0x08013138   0x0000005c   Code   RO         6994    i.vTaskDelay        tasks.o
    0x08013194   0x08013194   0x000000b0   Code   RO         7008    i.vTaskStartScheduler  tasks.o
    0x08013244   0x08013244   0x00000010   Code   RO         7010    i.vTaskSuspendAll   tasks.o
    0x08013254   0x08013254   0x0000008c   Code   RO         7011    i.vTaskSwitchContext  tasks.o
    0x080132e0   0x080132e0   0x00000168   Code   RO         7772    i.xPortStartScheduler  port.o
    0x08013448   0x08013448   0x00000064   Code   RO         7014    i.xTaskCreate       tasks.o
    0x080134ac   0x080134ac   0x000000ba   Code   RO         7015    i.xTaskCreateStatic  tasks.o
    0x08013566   0x08013566   0x00000002   PAD
    0x08013568   0x08013568   0x0000000c   Code   RO         7021    i.xTaskGetTickCount  tasks.o
    0x08013574   0x08013574   0x00000148   Code   RO         7023    i.xTaskIncrementTick  tasks.o
    0x080136bc   0x080136bc   0x00000104   Code   RO         7029    i.xTaskResumeAll    tasks.o
    0x080137c0   0x080137c0   0x000002c4   Code   RO        11282    x$fpl$d2f           g_wm.l(d2f_clz.o)
    0x08013a84   0x08013a84   0x0000024c   Code   RO        11284    x$fpl$dadd          g_wm.l(daddsub_clz.o)
    0x08013cd0   0x08013cd0   0x0000001a   Code   RO        11296    x$fpl$dfltn         g_wm.l(dflt_clz.o)
    0x08013cea   0x08013cea   0x00000002   PAD
    0x08013cec   0x08013cec   0x000001c0   Code   RO        11300    x$fpl$dmul          g_wm.l(dmul_clz.o)
    0x08013eac   0x08013eac   0x00000102   Code   RO        11454    x$fpl$dnaninf       g_wm.l(dnaninf.o)
    0x08013fae   0x08013fae   0x00000070   Code   RO        11456    x$fpl$drenorm       g_wm.l(drenorm_clz.o)
    0x0801401e   0x0801401e   0x0000000c   Code   RO        11458    x$fpl$dretinf       g_wm.l(dretinf.o)
    0x0801402a   0x0801402a   0x00000002   PAD
    0x0801402c   0x0801402c   0x0000029c   Code   RO        11286    x$fpl$dsub          g_wm.l(daddsub_clz.o)
    0x080142c8   0x080142c8   0x0000017a   Code   RO        11462    x$fpl$dunder        g_wm.l(dunder_clz.o)
    0x08014442   0x08014442   0x00000002   PAD
    0x08014444   0x08014444   0x000001ec   Code   RO        11464    x$fpl$exception     g_wm.l(except.o)
    0x08014630   0x08014630   0x0000007a   Code   RO        11302    x$fpl$f2d           g_wm.l(f2d.o)
    0x080146aa   0x080146aa   0x000000f2   Code   RO        11466    x$fpl$fnaninf       g_wm.l(fnaninf.o)
    0x0801479c   0x0801479c   0x0000000a   Code   RO        11522    x$fpl$fpinit        g_wm.l(fpinit.o)
    0x080147a6   0x080147a6   0x0000000a   Code   RO        11468    x$fpl$fretinf       g_wm.l(fretinf.o)
    0x080147b0   0x080147b0   0x0000013c   Code   RO        11470    x$fpl$funder        g_wm.l(funder_clz.o)
    0x080148ec   0x080148ec   0x000000b2   Code   RO        11524    x$fpl$retnan        g_wm.l(retnan.o)
    0x0801499e   0x0801499e   0x0000007e   Code   RO        11472    x$fpl$trapveneer    g_wm.l(trapv.o)
    0x08014a1c   0x08014a1c   0x00000000   Code   RO        11474    x$fpl$usenofp       g_wm.l(usenofp.o)
    0x08014a1c   0x08014a1c   0x0000008c   Data   RO          468    .constdata          freertos.o
    0x08014aa8   0x08014aa8   0x00000008   Data   RO         2694    .constdata          stm32f4xx_hal_dma.o
    0x08014ab0   0x08014ab0   0x00000018   Data   RO         6436    .constdata          system_stm32f4xx.o
    0x08014ac8   0x08014ac8   0x00000090   Data   RO         8518    .constdata          quaternionekf.o
    0x08014b58   0x08014b58   0x00000060   Data   RO         9419    .constdata          vmc.o
    0x08014bb8   0x08014bb8   0x00000018   Data   RO         9705    .constdata          lqr_wheelleg.o
    0x08014bd0   0x08014bd0   0x00000030   Data   RO        10011    .constdata          ins_task.o
    0x08014c00   0x08014c00   0x00000200   Data   RO        10895    .constdata          go-m8010-6.o
    0x08014e00   0x08014e00   0x00000804   Data   RO        11227    .constdata          arm_cortexM4lf_math.lib(arm_common_tables.o)
    0x08015604   0x08015604   0x00000038   Data   RO          469    .conststring        freertos.o
    0x0801563c   0x0801563c   0x00000020   Data   RO        11618    Region$$Table       anon$$obj.o
    0x0801565c   0x0801565c   0x00000004   Data   RO        10280    .init_array         chassis_task.o
    0x08015660   0x0801565c   0x00000000   Data   RO        11271    .init_array         c_w.l(init_aeabi.o)


    Execution Region RW_IRAM1 (Exec base: 0x20000000, Load base: 0x08015660, Size: 0x00008918, Max: 0x0001c000, ABSOLUTE, COMPRESSED[0x0000021c])

    Exec Addr    Load Addr    Size         Type   Attr      Idx    E Section Name        Object

    0x20000000   COMPRESSED   0x00000014   Data   RW          470    .data               freertos.o
    0x20000014   COMPRESSED   0x00000004   Data   RW          628    .data               can.o
    0x20000018   COMPRESSED   0x0000004e   Data   RW         1235    .data               usbd_desc.o
    0x20000066   COMPRESSED   0x00000002   PAD
    0x20000068   COMPRESSED   0x00000014   Data   RW         1322    .data               usbd_cdc_if.o
    0x2000007c   COMPRESSED   0x00000009   Data   RW         3126    .data               stm32f4xx_hal.o
    0x20000085   COMPRESSED   0x00000003   PAD
    0x20000088   COMPRESSED   0x00000004   Data   RW         6437    .data               system_stm32f4xx.o
    0x2000008c   COMPRESSED   0x0000003c   Data   RW         7032    .data               tasks.o
    0x200000c8   COMPRESSED   0x00000020   Data   RW         7705    .data               heap_4.o
    0x200000e8   COMPRESSED   0x0000000c   Data   RW         7773    .data               port.o
    0x200000f4   COMPRESSED   0x00000001   Data   RW         8020    .data               usbd_ctlreq.o
    0x200000f5   COMPRESSED   0x00000003   PAD
    0x200000f8   COMPRESSED   0x0000008a   Data   RW         8183    .data               usbd_cdc.o
    0x20000182   COMPRESSED   0x00000004   Data   RW         8282    .data               kalman_filter.o
    0x20000186   COMPRESSED   0x00000002   PAD
    0x20000188   COMPRESSED   0x00000018   Data   RW         8375    .data               user_lib.o
    0x200001a0   COMPRESSED   0x000000d4   Data   RW         8519    .data               quaternionekf.o
    0x20000274   COMPRESSED   0x00000270   Data   RW         8597    .data               controller.o
    0x200004e4   COMPRESSED   0x00000004   PAD
    0x200004e8   COMPRESSED   0x00000040   Data   RW         8729    .data               bsp_dwt.o
    0x20000528   COMPRESSED   0x00000008   Data   RW         9315    .data               bsp_led.o
    0x20000530   COMPRESSED   0x00000048   Data   RW         9778    .data               bmi088driver.o
    0x20000578   COMPRESSED   0x00000004   Data   RW         9855    .data               bmi088middleware.o
    0x2000057c   COMPRESSED   0x00000048   Data   RW        10012    .data               ins_task.o
    0x200005c4   COMPRESSED   0x000003a4   Data   RW        10279    .data               chassis_task.o
    0x20000968   COMPRESSED   0x00000029   Data   RW        10493    .data               can_receive.o
    0x20000991   COMPRESSED   0x00000001   PAD
    0x20000992   COMPRESSED   0x00000002   Data   RW        10745    .data               remote_control.o
    0x20000994        -       0x00000254   Zero   RW          467    .bss                freertos.o
    0x20000be8        -       0x00000090   Zero   RW          579    .bss                adc.o
    0x20000c78        -       0x00000050   Zero   RW          627    .bss                can.o
    0x20000cc8        -       0x000000a8   Zero   RW          703    .bss                i2c.o
    0x20000d70        -       0x00000020   Zero   RW          750    .bss                rtc.o
    0x20000d90        -       0x00000170   Zero   RW          793    .bss                spi.o
    0x20000f00        -       0x00000168   Zero   RW          845    .bss                tim.o
    0x20001068        -       0x0000024c   Zero   RW          914    .bss                usart.o
    0x200012b4        -       0x00000048   Zero   RW         1132    .bss                stm32f4xx_hal_timebase_tim.o
    0x200012fc        -       0x000002dc   Zero   RW         1169    .bss                usb_device.o
    0x200015d8        -       0x00000200   Zero   RW         1234    .bss                usbd_desc.o
    0x200017d8        -       0x00001000   Zero   RW         1321    .bss                usbd_cdc_if.o
    0x200027d8        -       0x0000072c   Zero   RW         1403    .bss                usbd_conf.o
    0x20002f04        -       0x000000f0   Zero   RW         7031    .bss                tasks.o
    0x20002ff4        -       0x00003c00   Zero   RW         7704    .bss                heap_4.o
    0x20006bf4   COMPRESSED   0x00000004   PAD
    0x20006bf8        -       0x00000270   Zero   RW         8517    .bss                quaternionekf.o
    0x20006e68        -       0x00000420   Zero   RW         9418    .bss                vmc.o
    0x20007288        -       0x00000278   Zero   RW         9704    .bss                lqr_wheelleg.o
    0x20007500        -       0x00000040   Zero   RW         9777    .bss                bmi088driver.o
    0x20007540        -       0x00000146   Zero   RW        10010    .bss                ins_task.o
    0x20007686        -       0x0000021c   Zero   RW        10110    .bss                detect_task.o
    0x200078a2   COMPRESSED   0x00000006   PAD
    0x200078a8        -       0x000008a8   Zero   RW        10278    .bss                chassis_task.o
    0x20008150        -       0x00000108   Zero   RW        10492    .bss                can_receive.o
    0x20008258        -       0x0000005e   Zero   RW        10744    .bss                remote_control.o
    0x200082b6   COMPRESSED   0x00000002   PAD
    0x200082b8        -       0x00000060   Zero   RW        11527    .bss                c_w.l(libspace.o)
    0x20008318        -       0x00000200   Zero   RW            2    HEAP                startup_stm32f407xx.o
    0x20008518        -       0x00000400   Zero   RW            1    STACK               startup_stm32f407xx.o


    Execution Region RW_IRAM2 (Exec base: 0x2001c000, Load base: 0x0801587c, Size: 0x00000000, Max: 0x00004000, ABSOLUTE)

    **** No section assigned to this execution region ****


==============================================================================

Image component sizes


      Code (inc. data)   RO Data    RW Data    ZI Data      Debug   Object Name

       396         42          0          0        144       2718   adc.o
      2882        174          0         72         64      11101   bmi088driver.o
       116         30          0          4          0       3852   bmi088middleware.o
         0          0          0          0          0     587292   bsp_adc.o
        92          8          0          0          0     571402   bsp_can.o
       580        112          0         64          0       5126   bsp_dwt.o
       104         22          0          8          0        660   bsp_led.o
        58          0          0          0          0       1018   bsp_pwm.o
       156         14          0          0          0       1186   bsp_rc.o
       496         44          0          4         80       2802   can.o
       940         76          0         41        264     579527   can_receive.o
      7704        446          4        932       2216      25620   chassis_task.o
       142          0          0          0          0      26119   cmsis_os.o
      2252         38          0        624          0      13944   controller.o
         0          0          0          0          0       7616   croutine.o
       292          4          0          0        540       2567   detect_task.o
       168          6          0          0          0        986   dma.o
         0          0          0          0          0      19688   event_groups.o
       278         16          0          0          0       3710   filter.o
       202         36        196         20        596       3798   freertos.o
       972         76        512          0          0       8243   go-m8010-6.o
       560         24          0          0          0     747307   gpio.o
       724         74          0         32      15360       7907   heap_4.o
       432         50          0          0        168       2726   i2c.o
      2524        194         48         72        326      11646   ins_task.o
      3160         26          0          4          0      23227   kalman_filter.o
       214          6          0          0          0       2669   kalmanfliter.o
       148          0          0          0          0       3986   list.o
      1548         68         24          0        632      28694   lqr_wheelleg.o
       370         22          0          0          0     709316   main.o
        32          4          0          0          0        615   monitor_task.o
       616         10          0          0          0       3630   pid.o
       894         78          0         12          0      11916   port.o
      4156        234        144        212        624      11291   quaternionekf.o
       550         36          0          2         94     581064   remote_control.o
       112         20          0          0         32       1823   rtc.o
       596         52          0          0        368       2948   spi.o
        64         26        392          0       1536        872   startup_stm32f407xx.o
       136         24          0          9          0       9214   stm32f4xx_hal.o
       852         28          0          0          0       3031   stm32f4xx_hal_adc.o
      2134          6          0          0          0      15723   stm32f4xx_hal_can.o
       320         30          0          0          0      34805   stm32f4xx_hal_cortex.o
      1246         16          8          0          0       5863   stm32f4xx_hal_dma.o
       542         50          0          0          0       3676   stm32f4xx_hal_gpio.o
       464         18          0          0          0       2211   stm32f4xx_hal_i2c.o
        84          6          0          0          0       1002   stm32f4xx_hal_msp.o
      3604         16          0          0          0      14948   stm32f4xx_hal_pcd.o
        90          0          0          0          0       2713   stm32f4xx_hal_pcd_ex.o
      1888         94          0          0          0       6833   stm32f4xx_hal_rcc.o
       416         20          0          0          0       1544   stm32f4xx_hal_rcc_ex.o
       342          4          0          0          0       3623   stm32f4xx_hal_rtc.o
      1078         14          0          0          0       5017   stm32f4xx_hal_spi.o
      2392        142          0          0          0      18024   stm32f4xx_hal_tim.o
       300         30          0          0          0       3669   stm32f4xx_hal_tim_ex.o
       140         18          0          0         72       1679   stm32f4xx_hal_timebase_tim.o
      2594         14          0          0          0      13991   stm32f4xx_hal_uart.o
       222         60          0          0          0      11215   stm32f4xx_it.o
      4246         98          0          0          0      25923   stm32f4xx_ll_usb.o
         0          0          0          0          0        384   stream_buffer.o
        20          6         24          4          0       1343   system_stm32f4xx.o
      2170        276          0         60        240      22397   tasks.o
      1364         98          0          0        360       6282   tim.o
         0          0          0          0          0       2560   timers.o
       940         92          0          0        588       3920   usart.o
        76         16          0          0        732       8667   usb_device.o
      1690         48          0        138          0      14671   usbd_cdc.o
       148         16          0         20       4096       4006   usbd_cdc_if.o
      1004         24          0          0       1836      19596   usbd_conf.o
      1346          0          0          0          0      18165   usbd_core.o
      2342         30          0          1          0      19044   usbd_ctlreq.o
       386        122          0         78        512       7661   usbd_desc.o
       174          0          0          0          0       5208   usbd_ioreq.o
       790         26          0         24          0       7323   user_lib.o
      3600        138         96          0       1056      21264   vmc.o

    ----------------------------------------------------------------------
     73736       3648       1480       2452      32548    4377807   Object Totals
         0          0         32          0          0          0   (incl. Generated)
        66          0          0         15         12          0   (incl. Padding)

    ----------------------------------------------------------------------

      Code (inc. data)   RO Data    RW Data    ZI Data      Debug   Library Member Name

         0          0       2052          0          0       4704   arm_common_tables.o
       120         12          0          0          0      17170   arm_cos_f32.o
       264          0          0          0          0       1826   arm_mat_add_f32.o
         8          0          0          0          0        999   arm_mat_init_f32.o
      1328          4          0          0          0       4782   arm_mat_inverse_f32.o
       316          4          0          0          0       2375   arm_mat_mult_f32.o
       264          0          0          0          0       1826   arm_mat_sub_f32.o
       276          0          0          0          0       2240   arm_mat_trans_f32.o
       148         18          0          0          0        814   arm_sin_f32.o
        90          0          0          0          0          0   __dczerorl2.o
         8          0          0          0          0         68   __main.o
         0          0          0          0          0          0   __rtentry.o
        12          0          0          0          0          0   __rtentry2.o
         6          0          0          0          0          0   __rtentry4.o
        52          8          0          0          0          0   __scatter.o
        28          0          0          0          0          0   __scatter_zi.o
        48          4          0          0          0         84   _fptrap.o
        22          0          0          0          0        100   _rserrno.o
        10          0          0          0          0         68   defsig_exit.o
       172        110          0          0          0         76   defsig_fpe_inner.o
        14          0          0          0          0         80   defsig_fpe_outer.o
        50          0          0          0          0         88   defsig_general.o
        18          0          0          0          0         80   exit.o
         6          0          0          0          0        152   heapauxi.o
         0          0          0          0          0          0   indicate_semi.o
        36         10          0          0          0         80   init_aeabi.o
         2          0          0          0          0          0   libinit.o
        10          0          0          0          0          0   libinit2.o
         2          0          0          0          0          0   libshutdown.o
         2          0          0          0          0          0   libshutdown2.o
         8          4          0          0         96         68   libspace.o
       238          0          0          0          0        100   lludivv7m.o
         8          4          0          0          0         68   rt_errno_addr_intlibspace.o
        68          0          0          0          0         68   rt_memclr.o
        78          0          0          0          0         80   rt_memclr_w.o
       100          0          0          0          0         80   rt_memcpy_w.o
         2          0          0          0          0          0   rtexit.o
        10          0          0          0          0          0   rtexit2.o
        12          4          0          0          0         68   sys_exit.o
        74          0          0          0          0         80   sys_stackheap_outer.o
        14          0          0          0          0         76   sys_wrch.o
         2          0          0          0          0         68   use_no_semi.o
        16          0          0          0          0         68   cxa_guard_acquire.o
       708         16          0          0          0        140   d2f_clz.o
      1256         28          0          0          0        408   daddsub_clz.o
        26          0          0          0          0        116   dflt_clz.o
       448         16          0          0          0        164   dmul_clz.o
       258          4          0          0          0        156   dnaninf.o
       112          0          0          0          0        160   drenorm_clz.o
        12          0          0          0          0        116   dretinf.o
       378          0          0          0          0        168   dunder_clz.o
       492         36          0          0          0        148   except.o
       122          8          0          0          0        132   f2d.o
       242          4          0          0          0        144   fnaninf.o
        10          0          0          0          0        116   fpinit.o
        10          0          0          0          0        116   fretinf.o
       316          0          0          0          0        132   funder_clz.o
       178          0          0          0          0        116   retnan.o
       126          0          0          0          0        148   trapv.o
         0          0          0          0          0          0   usenofp.o
       280         46          0          0          0        176   acosf.o
       300         42          0          0          0        176   asinf.o
       592         90          0          0          0        184   atan2f.o
       352         56          0          0          0        172   atanf.o
        38          0          0          0          0        116   fpclassifyf.o
        44         12          0          0          0        464   funder.o
       120          0          0          0          0        272   sqrtf_full.o

    ----------------------------------------------------------------------
     10380        540       2052          0         96      42476   Library Totals
        18          0          0          0          0          0   (incl. Padding)

    ----------------------------------------------------------------------

      Code (inc. data)   RO Data    RW Data    ZI Data      Debug   Library Name

      2724         38       2052          0          0      36736   arm_cortexM4lf_math.lib
      1202        144          0          0         96       1632   c_w.l
        16          0          0          0          0         68   cpprt_w.l
      4694        112          0          0          0       2480   g_wm.l
      1726        246          0          0          0       1560   m_wm.l

    ----------------------------------------------------------------------
     10380        540       2052          0         96      42476   Library Totals

    ----------------------------------------------------------------------

==============================================================================


      Code (inc. data)   RO Data    RW Data    ZI Data      Debug   

     84116       4188       3532       2452      32644    4371999   Grand Totals
     84116       4188       3532        540      32644    4371999   ELF Image Totals (compressed)
     84116       4188       3532        540          0          0   ROM Totals

==============================================================================

    Total RO  Size (Code + RO Data)                87648 (  85.59kB)
    Total RW  Size (RW Data + ZI Data)             35096 (  34.27kB)
    Total ROM Size (Code + RO Data + RW Data)      88188 (  86.12kB)

==============================================================================

