<html>
<body>
<pre>
<h1>µVision Build Log</h1>
<h2>Tool Versions:</h2>
IDE-Version: ¦ÌVision V5.26.2.0
Copyright (C) 2018 ARM Ltd and ARM Germany GmbH. All rights reserved.
License Information: 1 Young, 1, LIC=CZLZX-HJR39-BS4YX-H8FAG-F48UA-Y8SD0
 
Tool Versions:
Toolchain:       MDK-ARM Plus  Version: 5.26.2.0
Toolchain Path:  D:\KEIL\ARM\ARMCC\Bin
C Compiler:      Armcc.exe V5.06 update 6 (build 750)
Assembler:       Armasm.exe V5.06 update 6 (build 750)
Linker/Locator:  ArmLink.exe V5.06 update 6 (build 750)
Library Manager: ArmAr.exe V5.06 update 6 (build 750)
Hex Converter:   FromElf.exe V5.06 update 6 (build 750)
CPU DLL:         SARMCM3.DLL V5.26.2.0
Dialog DLL:      DCM.DLL V1.17.2.0
Target DLL:      CMSIS_AGDI.dll V1.30.6.0
Dialog DLL:      TCM.DLL V1.36.1.0
 
<h2>Project:</h2>
E:\Wheelleg2024\tup_wheelleg_2024\tup_wheelleg_2024\Balanced_infantry_2024_ wheeleg\MDK-ARM\Balanced_infantry.uvprojx
Project File Date:  03/29/2024

<h2>Output:</h2>
*** Using Compiler 'V5.06 update 6 (build 750)', folder: 'D:\KEIL\ARM\ARMCC\Bin'
Build target 'Balanced_infantry'
compiling LQR_Wheelleg.cpp...
../Drivers/CMSIS/Device/ST/STM32F4xx/Include/stm32f407xx.h(51): warning:  #47-D: incompatible redefinition of macro "__FPU_PRESENT" 
  #define __FPU_PRESENT             1U       /*!< FPU present                                   */
..\Robot\Controller\LQR_Wheelleg.cpp(90): warning:  #1035-D: single-precision operand implicitly converted to double-precision
      LQR.LQR_FEED_R[0][4] = (chassis_data.pitch+0.03);
..\Robot\Controller\LQR_Wheelleg.cpp(97): warning:  #1035-D: single-precision operand implicitly converted to double-precision
      LQR.LQR_FEED_L[0][4] = (chassis_data.pitch+0.03);
..\Robot\Controller\LQR_Wheelleg.cpp: 3 warnings, 0 errors
compiling chassis_task.cpp...
../Drivers/CMSIS/Device/ST/STM32F4xx/Include/stm32f407xx.h(51): warning:  #47-D: incompatible redefinition of macro "__FPU_PRESENT" 
  #define __FPU_PRESENT             1U       /*!< FPU present                                   */
..\Robot\Tasks\chassis_task.cpp: 1 warning, 0 errors
linking...
Program Size: Code=84116 RO-data=3532 RW-data=2452 ZI-data=32644  
FromELF: creating hex file...
"Balanced_infantry\Balanced_infantry.axf" - 0 Error(s), 4 Warning(s).

<h2>Software Packages used:</h2>

Package Vendor: ARM
                http://www.keil.com/pack/ARM.CMSIS.5.9.0.pack
                ARM.CMSIS.5.9.0
                CMSIS (Common Microcontroller Software Interface Standard)
   * Component: CORE Version: 5.6.0

Package Vendor: Keil
                http://www.keil.com/pack/Keil.STM32F4xx_DFP.2.12.0.pack
                Keil.STM32F4xx_DFP.2.12.0
                STMicroelectronics STM32F4 Series Device Support, Drivers and Examples

<h2>Collection of Component include folders:</h2>
  .\RTE\_Balanced_infantry
  D:\KEIL\ARM\PACK\ARM\CMSIS\5.9.0\CMSIS\Core\Include
  D:\KEIL\ARM\PACK\Keil\STM32F4xx_DFP\2.12.0\Drivers\CMSIS\Device\ST\STM32F4xx\Include

<h2>Collection of Component Files used:</h2>

   * Component: ARM::CMSIS:CORE:5.6.0
Build Time Elapsed:  00:00:03
</pre>
</body>
</html>
